[ft] f77 guest   0.48ms  fe   0.01ms (tex  0.01)  draws    2/   3  verts     12  idx     24  states    1  newtex   0 (0KB)  queue 8
[ft] f78 guest   0.35ms  fe   0.01ms (tex  0.01)  draws    2/   3  verts     12  idx     24  states    1  newtex   0 (0KB)  queue 8
[ft] f79 guest   0.29ms  fe   0.01ms (tex  0.01)  draws    2/   3  verts     12  idx     24  states    1  newtex   0 (0KB)  queue 8
[rt] f77 render   0.11ms (tex  0.00 vbo  0.01)  applies    1  programs 406
[rt] f77 render   0.07ms (tex  0.00 vbo  0.00)  applies    1  programs 406
[rt] f78 render   0.10ms (tex  0.00 vbo  0.01)  applies    1  programs 406
[rt] f78 render   0.08ms (tex  0.00 vbo  0.00)  applies    1  programs 406
[rt] f79 render   0.11ms (tex  0.00 vbo  0.01)  applies    1  programs 406
[rt] f79 render   0.08ms (tex  0.00 vbo  0.00)  applies    1  programs 406
[rt] f770 render   0.22ms (tex  0.00 vbo  0.02)  applies    1  programs 406
[rt] f770 render   0.10ms (tex  0.00 vbo  0.00)  applies    1  programs 406
[ft] f770 guest   4.38ms  fe   2.94ms (tex  2.92)  draws    2/   3  verts     12  idx     24  states    1  newtex   3 (1800KB)  queue 0
[rt] f771 render   1.21ms (tex  0.98 vbo  0.01)  applies    1  programs 406
[rt] f771 render   0.19ms (tex  0.00 vbo  0.00)  applies    1  programs 406
[ft] f771 guest  10.67ms  fe   0.22ms (tex  0.20)  draws    2/   3  verts     12  idx     24  states    1  newtex   0 (0KB)  queue 0
[rt] f772 render   0.19ms (tex  0.00 vbo  0.02)  applies    1  programs 406
[rt] f772 render   0.10ms (tex  0.00 vbo  0.00)  applies    1  programs 406
[ft] f772 guest   4.40ms  fe   3.44ms (tex  3.43)  draws    2/   3  verts     12  idx     24  states    1  newtex   3 (1800KB)  queue 0
[rt] f773 render   0.94ms (tex  0.79 vbo  0.01)  applies    1  programs 406
[rt] f773 render   0.05ms (tex  0.00 vbo  0.00)  applies    1  programs 406
[ft] f773 guest  10.39ms  fe   0.13ms (tex  0.11)  draws    2/   3  verts     12  idx     24  states    1  newtex   0 (0KB)  queue 0
[rt] f774 render   0.19ms (tex  0.00 vbo  0.02)  applies    1  programs 406
[rt] f774 render   0.10ms (tex  0.00 vbo  0.00)  applies    1  programs 406
[ft] f774 guest   4.33ms  fe   3.33ms (tex  3.32)  draws    2/   3  verts     12  idx     24  states    1  newtex   3 (1800KB)  queue 0
[rt] f775 render   0.72ms (tex  0.58 vbo  0.01)  applies    1  programs 406
[rt] f775 render   0.08ms (tex  0.00 vbo  0.00)  applies    1  programs 406
[ft] f775 guest   9.94ms  fe   0.07ms (tex  0.06)  draws    2/   3  verts     12  idx     24  states    1  newtex   0 (0KB)  queue 0
[rt] f776 render   0.11ms (tex  0.00 vbo  0.01)  applies    1  programs 406
[rt] f776 render   0.05ms (tex  0.00 vbo  0.00)  applies    1  programs 406
[ft] f776 guest   4.38ms  fe   3.02ms (tex  3.01)  draws    2/   3  verts     12  idx     24  states    1  newtex   3 (1800KB)  queue 0
[rt] f777 render   1.55ms (tex  1.32 vbo  0.01)  applies    1  programs 406
[rt] f777 render   0.10ms (tex  0.00 vbo  0.00)  applies    1  programs 406
[ft] f777 guest  10.24ms  fe   0.12ms (tex  0.11)  draws    2/   3  verts     12  idx     24  states    1  newtex   0 (0KB)  queue 0
[rt] f778 render   0.19ms (tex  0.00 vbo  0.02)  applies    1  programs 406
[rt] f778 render   0.13ms (tex  0.00 vbo  0.00)  applies    1  programs 406
[ft] f778 guest   4.51ms  fe   3.47ms (tex  3.46)  draws    2/   3  verts     12  idx     24  states    1  newtex   3 (1800KB)  queue 0
[rt] f779 render   1.95ms (tex  1.73 vbo  0.01)  applies    1  programs 406
[rt] f779 render   0.10ms (tex  0.00 vbo  0.00)  applies    1  programs 406
[ft] f779 guest  10.36ms  fe   0.13ms (tex  0.11)  draws    2/   3  verts     12  idx     24  states    1  newtex   0 (0KB)  queue 0
[rt] f780 render   0.10ms (tex  0.00 vbo  0.01)  applies    1  programs 406
[rt] f780 render   0.06ms (tex  0.00 vbo  0.00)  applies    1  programs 406
[ft] f780 guest   3.44ms  fe   2.43ms (tex  2.43)  draws    2/   3  verts     12  idx     24  states    1  newtex   3 (1800KB)  queue 0
[rt] f781 render   0.83ms (tex  0.69 vbo  0.01)  applies    1  programs 406
[rt] f781 render   0.05ms (tex  0.00 vbo  0.00)  applies    1  programs 406
[ft] f781 guest  10.98ms  fe   0.14ms (tex  0.11)  draws    2/   3  verts     12  idx     24  states    1  newtex   0 (0KB)  queue 0
[rt] f782 render   0.10ms (tex  0.00 vbo  0.01)  applies    1  programs 406
[rt] f782 render   0.04ms (tex  0.00 vbo  0.00)  applies    1  programs 406
[ft] f782 guest   4.85ms  fe   3.49ms (tex  3.47)  draws    2/   3  verts     12  idx     24  states    1  newtex   3 (1800KB)  queue 0
[rt] f783 render   1.49ms (tex  1.23 vbo  0.02)  applies    1  programs 406
[rt] f783 render   0.11ms (tex  0.00 vbo  0.00)  applies    1  programs 406
[ft] f783 guest   9.85ms  fe   0.21ms (tex  0.20)  draws    2/   3  verts     12  idx     24  states    1  newtex   0 (0KB)  queue 0
[rt] f784 render   0.23ms (tex  0.00 vbo  0.02)  applies    1  programs 406
[rt] f784 render   0.11ms (tex  0.00 vbo  0.00)  applies    1  programs 406
[ft] f784 guest   3.03ms  fe   2.07ms (tex  2.05)  draws    2/   3  verts     12  idx     24  states    1  newtex   3 (1800KB)  queue 0
[rt] f785 render   1.75ms (tex  1.51 vbo  0.01)  applies    1  programs 406
[rt] f785 render   0.11ms (tex  0.00 vbo  0.00)  applies    1  programs 406
[ft] f785 guest  11.88ms  fe   0.14ms (tex  0.12)  draws    2/   3  verts     12  idx     24  states    1  newtex   0 (0KB)  queue 0
[rt] f786 render   0.20ms (tex  0.00 vbo  0.02)  applies    1  programs 406
[rt] f786 render   0.10ms (tex  0.00 vbo  0.00)  applies    1  programs 406
[ft] f786 guest   4.13ms  fe   3.05ms (tex  3.04)  draws    2/   3  verts     12  idx     24  states    1  newtex   3 (1800KB)  queue 0
[rt] f787 render   1.84ms (tex  1.61 vbo  0.01)  applies    1  programs 406
[rt] f787 render   0.12ms (tex  0.00 vbo  0.00)  applies    1  programs 406
[ft] f787 guest  10.29ms  fe   0.13ms (tex  0.11)  draws    2/   3  verts     12  idx     24  states    1  newtex   0 (0KB)  queue 0
[rt] f788 render   0.14ms (tex  0.00 vbo  0.02)  applies    1  programs 406
[rt] f788 render   0.05ms (tex  0.00 vbo  0.00)  applies    1  programs 406
[ft] f788 guest   4.85ms  fe   3.48ms (tex  3.46)  draws    2/   3  verts     12  idx     24  states    1  newtex   3 (1800KB)  queue 0
[rt] f789 render   1.75ms (tex  1.52 vbo  0.01)  applies    1  programs 406
[rt] f789 render   0.10ms (tex  0.00 vbo  0.00)  applies    1  programs 406
[ft] f789 guest  10.31ms  fe   0.14ms (tex  0.12)  draws    2/   3  verts     12  idx     24  states    1  newtex   0 (0KB)  queue 0
[rt] f790 render   0.27ms (tex  0.00 vbo  0.02)  applies    1  programs 406
[rt] f790 render   0.10ms (tex  0.00 vbo  0.00)  applies    1  programs 406
[ft] f790 guest   3.90ms  fe   2.86ms (tex  2.84)  draws    2/   3  verts     12  idx     24  states    1  newtex   3 (1800KB)  queue 0
[rt] f791 render   1.81ms (tex  1.56 vbo  0.02)  applies    1  programs 406
[rt] f791 render   0.10ms (tex  0.00 vbo  0.00)  applies    1  programs 406
[ft] f791 guest  10.96ms  fe   0.14ms (tex  0.12)  draws    2/   3  verts     12  idx     24  states    1  newtex   0 (0KB)  queue 0
[rt] f792 render   0.19ms (tex  0.00 vbo  0.02)  applies    1  programs 406
[rt] f792 render   0.12ms (tex  0.00 vbo  0.00)  applies    1  programs 406
[ft] f792 guest   3.66ms  fe   2.62ms (tex  2.61)  draws    2/   3  verts     12  idx     24  states    1  newtex   3 (1800KB)  queue 0
[rt] f793 render   1.74ms (tex  1.48 vbo  0.01)  applies    1  programs 406
[rt] f793 render   0.11ms (tex  0.00 vbo  0.00)  applies    1  programs 406
[ft] f793 guest  11.45ms  fe   0.14ms (tex  0.12)  draws    2/   3  verts     12  idx     24  states    1  newtex   0 (0KB)  queue 0
[rt] f794 render   0.18ms (tex  0.00 vbo  0.02)  applies    1  programs 406
[rt] f794 render   0.10ms (tex  0.00 vbo  0.00)  applies    1  programs 406
[ft] f794 guest   4.39ms  fe   3.06ms (tex  3.04)  draws    2/   3  verts     12  idx     24  states    1  newtex   3 (1800KB)  queue 0
[rt] f795 render   1.89ms (tex  1.65 vbo  0.01)  applies    1  programs 406
[rt] f795 render   0.10ms (tex  0.00 vbo  0.00)  applies    1  programs 406
[ft] f795 guest  10.46ms  fe   0.14ms (tex  0.12)  draws    2/   3  verts     12  idx     24  states    1  newtex   0 (0KB)  queue 0
[rt] f796 render   0.18ms (tex  0.00 vbo  0.02)  applies    1  programs 406
[rt] f796 render   0.10ms (tex  0.00 vbo  0.00)  applies    1  programs 406
[ft] f796 guest   4.73ms  fe   3.58ms (tex  3.57)  draws    2/   3  verts     12  idx     24  states    1  newtex   3 (1800KB)  queue 0
[rt] f797 render   1.61ms (tex  1.38 vbo  0.01)  applies    1  programs 406
[rt] f797 render   0.10ms (tex  0.00 vbo  0.00)  applies    1  programs 406
[ft] f797 guest  10.48ms  fe   0.14ms (tex  0.12)  draws    2/   3  verts     12  idx     24  states    1  newtex   0 (0KB)  queue 0
[rt] f798 render   0.18ms (tex  0.00 vbo  0.02)  applies    1  programs 406
[rt] f798 render   0.09ms (tex  0.00 vbo  0.00)  applies    1  programs 406
[ft] f798 guest   4.51ms  fe   3.55ms (tex  3.53)  draws    2/   3  verts     12  idx     24  states    1  newtex   3 (1800KB)  queue 0
[rt] f799 render   1.38ms (tex  1.22 vbo  0.01)  applies    1  programs 406
[rt] f799 render   0.05ms (tex  0.00 vbo  0.00)  applies    1  programs 406
[ft] f799 guest   9.49ms  fe   0.16ms (tex  0.11)  draws    2/   3  verts     12  idx     24  states    1  newtex   0 (0KB)  queue 0
[ft] f7700 guest  14.82ms  fe   4.45ms (tex  0.04)  draws 10032/7059  verts  70007  idx 138643  states 4109  newtex   0 (0KB)  queue 8
[ft] f7701 guest  14.78ms  fe   4.37ms (tex  0.04)  draws 10032/7059  verts  70007  idx 138643  states 4109  newtex   0 (0KB)  queue 8
[ft] f7702 guest  15.03ms  fe   4.42ms (tex  0.04)  draws 10032/7059  verts  70007  idx 138643  states 4109  newtex   0 (0KB)  queue 8
[ft] f7703 guest  16.20ms  fe   4.49ms (tex  0.05)  draws 10032/7059  verts  70007  idx 138643  states 4109  newtex   0 (0KB)  queue 8
[ft] f7704 guest  13.17ms  fe   4.38ms (tex  0.05)  draws 10032/7059  verts  70007  idx 138643  states 4109  newtex   0 (0KB)  queue 8
[ft] f7705 guest  14.77ms  fe   4.39ms (tex  0.05)  draws 10032/7059  verts  70007  idx 138643  states 4109  newtex   0 (0KB)  queue 8
[ft] f7706 guest  14.93ms  fe   4.36ms (tex  0.05)  draws 10032/7059  verts  70007  idx 138643  states 4109  newtex   0 (0KB)  queue 8
[ft] f7707 guest  14.70ms  fe   4.41ms (tex  0.04)  draws 10032/7059  verts  70007  idx 138643  states 4109  newtex   0 (0KB)  queue 8
[ft] f7708 guest  15.06ms  fe   4.43ms (tex  0.05)  draws 10032/7059  verts  70007  idx 138643  states 4109  newtex   0 (0KB)  queue 8
[ft] f7709 guest  15.48ms  fe   5.00ms (tex  0.05)  draws 10032/7059  verts  70007  idx 138643  states 4109  newtex   0 (0KB)  queue 8
[ft] f7710 guest  14.07ms  fe   4.41ms (tex  0.05)  draws 10032/7059  verts  70007  idx 138643  states 4109  newtex   0 (0KB)  queue 8
[rt] f7700 render   6.19ms (tex  0.00 vbo  0.25)  applies 7046  programs 406
[rt] f7700 render   8.42ms (tex  0.00 vbo  0.00)  applies 7046  programs 406
[ft] f7711 guest  14.75ms  fe   4.43ms (tex  0.05)  draws 10032/7059  verts  70007  idx 138643  states 4109  newtex   0 (0KB)  queue 8
[rt] f7701 render   5.90ms (tex  0.00 vbo  0.25)  applies 7046  programs 406
[rt] f7701 render   8.91ms (tex  0.00 vbo  0.00)  applies 7046  programs 406
[ft] f7712 guest  14.82ms  fe   4.38ms (tex  0.05)  draws 10032/7059  verts  70007  idx 138643  states 4109  newtex   0 (0KB)  queue 8
[rt] f7702 render   6.02ms (tex  0.00 vbo  0.23)  applies 7046  programs 406
[rt] f7702 render   8.80ms (tex  0.00 vbo  0.00)  applies 7046  programs 406
[ft] f7713 guest  15.71ms  fe   4.94ms (tex  0.05)  draws 10032/7059  verts  70007  idx 138643  states 4109  newtex   0 (0KB)  queue 8
[rt] f7703 render   7.30ms (tex  0.00 vbo  0.23)  applies 7046  programs 406
[rt] f7703 render   8.69ms (tex  0.00 vbo  0.00)  applies 7046  programs 406
[ft] f7714 guest  15.37ms  fe   4.35ms (tex  0.07)  draws 10032/7059  verts  70007  idx 138643  states 4109  newtex   0 (0KB)  queue 8
[rt] f7704 render   5.91ms (tex  0.00 vbo  0.19)  applies 7046  programs 406
[rt] f7704 render   7.27ms (tex  0.00 vbo  0.00)  applies 7046  programs 406
[ft] f7715 guest  13.26ms  fe   4.32ms (tex  0.05)  draws 10032/7059  verts  70007  idx 138643  states 4109  newtex   0 (0KB)  queue 8
[rt] f7705 render   6.11ms (tex  0.00 vbo  0.19)  applies 7046  programs 406
[rt] f7705 render   8.50ms (tex  0.00 vbo  0.00)  applies 7046  programs 406
[ft] f7716 guest  14.75ms  fe   4.39ms (tex  0.04)  draws 10032/7059  verts  70007  idx 138643  states 4109  newtex   0 (0KB)  queue 8
[rt] f7706 render   5.89ms (tex  0.00 vbo  0.21)  applies 7046  programs 406
[rt] f7706 render   8.96ms (tex  0.00 vbo  0.00)  applies 7046  programs 406
[ft] f7717 guest  14.94ms  fe   4.36ms (tex  0.04)  draws 10032/7059  verts  70007  idx 138643  states 4109  newtex   0 (0KB)  queue 8
[rt] f7707 render   6.28ms (tex  0.00 vbo  0.28)  applies 7046  programs 406
[rt] f7707 render   8.50ms (tex  0.00 vbo  0.00)  applies 7046  programs 406
[ft] f7718 guest  14.93ms  fe   4.41ms (tex  0.05)  draws 10032/7059  verts  70007  idx 138643  states 4109  newtex   0 (0KB)  queue 8
[rt] f7708 render   6.30ms (tex  0.00 vbo  0.20)  applies 7046  programs 406
[rt] f7708 render   8.68ms (tex  0.00 vbo  0.00)  applies 7046  programs 406
[ft] f7719 guest  15.03ms  fe   4.37ms (tex  0.05)  draws 10032/7059  verts  70007  idx 138643  states 4109  newtex   0 (0KB)  queue 8
[rt] f7709 render   6.10ms (tex  0.00 vbo  0.20)  applies 7046  programs 406
[rt] f7709 render   8.46ms (tex  0.00 vbo  0.00)  applies 7046  programs 406
[ft] f7720 guest  14.66ms  fe   4.38ms (tex  0.04)  draws 10032/7059  verts  70007  idx 138643  states 4109  newtex   0 (0KB)  queue 8
[rt] f7710 render   6.05ms (tex  0.00 vbo  0.23)  applies 7046  programs 406
[rt] f7710 render   8.62ms (tex  0.00 vbo  0.00)  applies 7046  programs 406
[ft] f7721 guest  14.78ms  fe   4.40ms (tex  0.05)  draws 10032/7059  verts  70007  idx 138643  states 4109  newtex   0 (0KB)  queue 8
[rt] f7711 render   6.18ms (tex  0.00 vbo  0.26)  applies 7046  programs 406
[rt] f7711 render   8.48ms (tex  0.00 vbo  0.00)  applies 7046  programs 406
[ft] f7722 guest  14.77ms  fe   4.42ms (tex  0.05)  draws 10032/7059  verts  70007  idx 138643  states 4109  newtex   0 (0KB)  queue 8
[rt] f7712 render   6.09ms (tex  0.00 vbo  0.22)  applies 7046  programs 406
[rt] f7712 render   8.78ms (tex  0.00 vbo  0.00)  applies 7046  programs 406
[ft] f7723 guest  14.97ms  fe   4.34ms (tex  0.04)  draws 10032/7059  verts  70007  idx 138643  states 4109  newtex   0 (0KB)  queue 8
[rt] f7713 render   5.92ms (tex  0.00 vbo  0.24)  applies 7046  programs 406
[rt] f7713 render   9.08ms (tex  0.00 vbo  0.00)  applies 7046  programs 406
[ft] f7724 guest  15.17ms  fe   4.48ms (tex  0.04)  draws 10032/7059  verts  70007  idx 138643  states 4109  newtex   0 (0KB)  queue 8
[rt] f7714 render   6.09ms (tex  0.00 vbo  0.22)  applies 7046  programs 406
[rt] f7714 render   9.67ms (tex  0.00 vbo  0.00)  applies 7046  programs 406
[ft] f7725 guest  16.06ms  fe   4.63ms (tex  0.05)  draws 10032/7059  verts  70007  idx 138643  states 4109  newtex   0 (0KB)  queue 8
[rt] f7715 render   6.12ms (tex  0.00 vbo  0.25)  applies 7046  programs 406
[rt] f7715 render   7.10ms (tex  0.00 vbo  0.00)  applies 7046  programs 406
[ft] f7726 guest  13.21ms  fe   4.48ms (tex  0.05)  draws 10032/7059  verts  70007  idx 138643  states 4109  newtex   0 (0KB)  queue 8
[rt] f7716 render   6.06ms (tex  0.00 vbo  0.20)  applies 7046  programs 406
[rt] f7716 render   8.61ms (tex  0.00 vbo  0.00)  applies 7046  programs 406
[ft] f7727 guest  14.66ms  fe   4.43ms (tex  0.04)  draws 10032/7059  verts  70007  idx 138643  states 4109  newtex   0 (0KB)  queue 8
[rt] f7717 render   6.10ms (tex  0.00 vbo  0.24)  applies 7046  programs 406
[rt] f7717 render   8.65ms (tex  0.00 vbo  0.00)  applies 7046  programs 406
[ft] f7728 guest  14.81ms  fe   4.39ms (tex  0.04)  draws 10032/7059  verts  70007  idx 138643  states 4109  newtex   0 (0KB)  queue 8
[rt] f7718 render   6.03ms (tex  0.00 vbo  0.25)  applies 7046  programs 406
[rt] f7718 render   8.88ms (tex  0.00 vbo  0.00)  applies 7046  programs 406
[ft] f7729 guest  15.10ms  fe   4.42ms (tex  0.04)  draws 10032/7059  verts  70007  idx 138643  states 4109  newtex   0 (0KB)  queue 8
[rt] f7719 render   6.09ms (tex  0.00 vbo  0.26)  applies 7046  programs 406
[rt] f7719 render   8.79ms (tex  0.00 vbo  0.00)  applies 7046  programs 406
[ft] f7730 guest  14.93ms  fe   4.36ms (tex  0.04)  draws 10032/7059  verts  70007  idx 138643  states 4109  newtex   0 (0KB)  queue 8
[rt] f7720 render   6.11ms (tex  0.00 vbo  0.25)  applies 7046  programs 406
[rt] f7720 render   8.59ms (tex  0.00 vbo  0.00)  applies 7046  programs 406
[ft] f7731 guest  15.05ms  fe   4.58ms (tex  0.06)  draws 10032/7059  verts  70007  idx 138643  states 4109  newtex   0 (0KB)  queue 8
[rt] f7721 render   6.09ms (tex  0.00 vbo  0.24)  applies 7046  programs 406
[rt] f7721 render   8.61ms (tex  0.00 vbo  0.00)  applies 7046  programs 406
[ft] f7732 guest  14.64ms  fe   4.40ms (tex  0.04)  draws 10032/7059  verts  70007  idx 138643  states 4109  newtex   0 (0KB)  queue 8
[rt] f7722 render   6.59ms (tex  0.00 vbo  0.22)  applies 7046  programs 406
[rt] f7722 render   8.05ms (tex  0.00 vbo  0.00)  applies 7046  programs 406
[ft] f7733 guest  14.72ms  fe   4.42ms (tex  0.04)  draws 10032/7059  verts  70007  idx 138643  states 4109  newtex   0 (0KB)  queue 8
[rt] f7723 render   6.10ms (tex  0.00 vbo  0.22)  applies 7046  programs 406
[rt] f7723 render   8.69ms (tex  0.00 vbo  0.00)  applies 7046  programs 406
[ft] f7734 guest  14.89ms  fe   4.40ms (tex  0.04)  draws 10032/7059  verts  70007  idx 138643  states 4109  newtex   0 (0KB)  queue 8
[rt] f7724 render   5.98ms (tex  0.00 vbo  0.26)  applies 7046  programs 406
[rt] f7724 render   8.83ms (tex  0.00 vbo  0.00)  applies 7046  programs 406
[ft] f7735 guest  14.93ms  fe   4.38ms (tex  0.05)  draws 10032/7059  verts  70007  idx 138643  states 4109  newtex   0 (0KB)  queue 8
[rt] f7725 render   6.14ms (tex  0.00 vbo  0.24)  applies 7046  programs 406
[rt] f7725 render   9.79ms (tex  0.00 vbo  0.00)  applies 7046  programs 406
[ft] f7736 guest  16.08ms  fe   4.43ms (tex  0.05)  draws 10032/7059  verts  70007  idx 138643  states 4109  newtex   0 (0KB)  queue 8
[rt] f7726 render   5.95ms (tex  0.00 vbo  0.21)  applies 7046  programs 406
[rt] f7726 render   7.40ms (tex  0.00 vbo  0.00)  applies 7046  programs 406
[ft] f7737 guest  13.41ms  fe   4.39ms (tex  0.07)  draws 10032/7059  verts  70007  idx 138643  states 4109  newtex   0 (0KB)  queue 8
[rt] f7727 render   5.95ms (tex  0.00 vbo  0.20)  applies 7046  programs 406
[rt] f7727 render   8.73ms (tex  0.00 vbo  0.00)  applies 7046  programs 406
[ft] f7738 guest  14.81ms  fe   4.36ms (tex  0.05)  draws 10032/7059  verts  70007  idx 138643  states 4109  newtex   0 (0KB)  queue 8
[rt] f7728 render   5.92ms (tex  0.00 vbo  0.19)  applies 7046  programs 406
[rt] f7728 render   9.03ms (tex  0.00 vbo  0.00)  applies 7046  programs 406
[ft] f7739 guest  14.98ms  fe   4.33ms (tex  0.04)  draws 10032/7059  verts  70007  idx 138643  states 4109  newtex   0 (0KB)  queue 8
[rt] f7729 render   6.13ms (tex  0.00 vbo  0.21)  applies 7046  programs 406
[rt] f7729 render   8.49ms (tex  0.00 vbo  0.00)  applies 7046  programs 406
[ft] f7740 guest  14.78ms  fe   4.38ms (tex  0.04)  draws 10032/7059  verts  70007  idx 138643  states 4109  newtex   0 (0KB)  queue 8
[rt] f7730 render   5.99ms (tex  0.00 vbo  0.22)  applies 7046  programs 406
[rt] f7730 render   8.96ms (tex  0.00 vbo  0.00)  applies 7046  programs 406
[ft] f7741 guest  15.12ms  fe   4.38ms (tex  0.04)  draws 10032/7059  verts  70007  idx 138643  states 4109  newtex   0 (0KB)  queue 8
[rt] f7731 render   6.01ms (tex  0.00 vbo  0.18)  applies 7046  programs 406
[rt] f7731 render   8.78ms (tex  0.00 vbo  0.00)  applies 7046  programs 406
[ft] f7742 guest  14.83ms  fe   4.43ms (tex  0.04)  draws 10032/7059  verts  70007  idx 138643  states 4109  newtex   0 (0KB)  queue 8
[rt] f7732 render   6.06ms (tex  0.00 vbo  0.24)  applies 7046  programs 406
[rt] f7732 render   8.61ms (tex  0.00 vbo  0.00)  applies 7046  programs 406
[ft] f7743 guest  14.71ms  fe   4.40ms (tex  0.04)  draws 10032/7059  verts  70007  idx 138643  states 4109  newtex   0 (0KB)  queue 8
[rt] f7733 render   5.97ms (tex  0.00 vbo  0.26)  applies 7046  programs 406
[rt] f7733 render   8.77ms (tex  0.00 vbo  0.00)  applies 7046  programs 406
[rt] f7734 render   6.31ms (tex  0.00 vbo  0.28)  applies 7046  programs 406
[ft] f7744 guest  16.56ms  fe   5.59ms (tex  0.06)  draws 10032/7059  verts  70007  idx 138643  states 4109  newtex   0 (0KB)  queue 8
[rt] f7734 render   8.60ms (tex  0.00 vbo  0.00)  applies 7046  programs 406
[ft] f7745 guest  14.01ms  fe   4.64ms (tex  0.05)  draws 10032/7059  verts  70007  idx 138643  states 4109  newtex   0 (0KB)  queue 8
[rt] f7735 render   6.63ms (tex  0.00 vbo  0.17)  applies 7046  programs 406
[rt] f7735 render   8.24ms (tex  0.00 vbo  0.00)  applies 7046  programs 406
[ft] f7746 guest  14.51ms  fe   4.57ms (tex  0.05)  draws 10032/7059  verts  70007  idx 138643  states 4109  newtex   0 (0KB)  queue 8
[rt] f7736 render   6.01ms (tex  0.00 vbo  0.26)  applies 7046  programs 406
[rt] f7736 render   9.10ms (tex  0.00 vbo  0.00)  applies 7046  programs 406
[ft] f7747 guest  15.24ms  fe   4.50ms (tex  0.05)  draws 10032/7059  verts  70007  idx 138643  states 4109  newtex   0 (0KB)  queue 8
[rt] f7737 render   6.17ms (tex  0.00 vbo  0.23)  applies 7046  programs 406
[rt] f7737 render   7.93ms (tex  0.00 vbo  0.00)  applies 7046  programs 406
[ft] f7748 guest  14.09ms  fe   4.45ms (tex  0.06)  draws 10032/7059  verts  70007  idx 138643  states 4109  newtex   0 (0KB)  queue 8
[rt] f7738 render   5.98ms (tex  0.00 vbo  0.21)  applies 7046  programs 406
[rt] f7738 render   8.62ms (tex  0.00 vbo  0.00)  applies 7046  programs 406
[ft] f7749 guest  14.64ms  fe   4.38ms (tex  0.05)  draws 10032/7059  verts  70007  idx 138643  states 4109  newtex   0 (0KB)  queue 8
[rt] f7739 render   6.06ms (tex  0.00 vbo  0.28)  applies 7046  programs 406
[rt] f7739 render   8.72ms (tex  0.00 vbo  0.00)  applies 7046  programs 406
[ft] f7750 guest  15.17ms  fe   4.57ms (tex  0.05)  draws 10032/7059  verts  70007  idx 138643  states 4109  newtex   0 (0KB)  queue 8
[rt] f7740 render   6.14ms (tex  0.00 vbo  0.24)  applies 7046  programs 406
[rt] f7740 render   8.82ms (tex  0.00 vbo  0.00)  applies 7046  programs 406
[ft] f7751 guest  14.84ms  fe   4.43ms (tex  0.05)  draws 10032/7059  verts  70007  idx 138643  states 4109  newtex   0 (0KB)  queue 8
[rt] f7741 render   6.02ms (tex  0.00 vbo  0.26)  applies 7046  programs 406
[rt] f7741 render   9.76ms (tex  0.00 vbo  0.00)  applies 7046  programs 406
[rt] f7742 render   6.11ms (tex  0.00 vbo  0.22)  applies 7046  programs 406
[ft] f7752 guest  17.35ms  fe   5.64ms (tex  0.05)  draws 10032/7059  verts  70007  idx 138643  states 4109  newtex   0 (0KB)  queue 8
[rt] f7742 render   7.30ms (tex  0.00 vbo  0.00)  applies 7046  programs 406
[rt] f7743 render   6.05ms (tex  0.00 vbo  0.25)  applies 7046  programs 406
[ft] f7753 guest  13.71ms  fe   5.48ms (tex  0.06)  draws 10032/7059  verts  70007  idx 138643  states 4109  newtex   0 (0KB)  queue 8
[rt] f7743 render   8.84ms (tex  0.00 vbo  0.00)  applies 7046  programs 406
[rt] f7744 render   6.16ms (tex  0.04 vbo  0.23)  applies 7046  programs 406
[ft] f7754 guest  14.48ms  fe   5.09ms (tex  0.08)  draws 10032/7059  verts  70007  idx 138643  states 4109  newtex   0 (0KB)  queue 8
[rt] f7744 render   8.28ms (tex  0.00 vbo  0.00)  applies 7046  programs 406
[rt] f7745 render   6.24ms (tex  0.00 vbo  0.21)  applies 7046  programs 406
[ft] f7755 guest  14.94ms  fe   5.49ms (tex  0.07)  draws 10032/7059  verts  70007  idx 138643  states 4109  newtex   0 (0KB)  queue 8
[rt] f7745 render   8.56ms (tex  0.00 vbo  0.00)  applies 7046  programs 406
[rt] f7746 render   5.95ms (tex  0.00 vbo  0.22)  applies 7046  programs 406
[ft] f7756 guest  14.97ms  fe   5.52ms (tex  0.06)  draws 10032/7059  verts  70007  idx 138643  states 4109  newtex   0 (0KB)  queue 8
[rt] f7746 render   9.06ms (tex  0.00 vbo  0.00)  applies 7046  programs 406
[ft] f7757 guest  13.67ms  fe   4.46ms (tex  0.05)  draws 10032/7059  verts  70007  idx 138643  states 4109  newtex   0 (0KB)  queue 8
[rt] f7747 render   6.16ms (tex  0.00 vbo  0.26)  applies 7046  programs 406
[rt] f7747 render   8.37ms (tex  0.00 vbo  0.00)  applies 7046  programs 406
[rt] f7748 render   6.00ms (tex  0.00 vbo  0.24)  applies 7046  programs 406
[ft] f7758 guest  15.91ms  fe   5.43ms (tex  0.06)  draws 10032/7059  verts  70007  idx 138643  states 4109  newtex   0 (0KB)  queue 8
[rt] f7748 render   8.69ms (tex  0.00 vbo  0.00)  applies 7046  programs 406
[ft] f7759 guest  14.17ms  fe   4.81ms (tex  0.06)  draws 10032/7059  verts  70007  idx 138643  states 4109  newtex   0 (0KB)  queue 8
[rt] f7749 render   6.09ms (tex  0.00 vbo  0.24)  applies 7046  programs 406
[rt] f7749 render   8.60ms (tex  0.00 vbo  0.00)  applies 7046  programs 406
[ft] f7760 guest  15.27ms  fe   5.32ms (tex  0.06)  draws 10032/7059  verts  70007  idx 138643  states 4109  newtex   0 (0KB)  queue 8
[rt] f7750 render   7.84ms (tex  0.00 vbo  0.25)  applies 7046  programs 406
[rt] f7750 render   7.01ms (tex  0.00 vbo  0.00)  applies 7046  programs 406
[ft] f7761 guest  14.66ms  fe   5.11ms (tex  0.06)  draws 10032/7059  verts  70007  idx 138643  states 4109  newtex   0 (0KB)  queue 8
[rt] f7751 render   6.08ms (tex  0.00 vbo  0.23)  applies 7046  programs 406
[rt] f7751 render   8.67ms (tex  0.00 vbo  0.00)  applies 7046  programs 406
[rt] f7752 render   5.89ms (tex  0.00 vbo  0.23)  applies 7046  programs 406
[ft] f7762 guest  15.16ms  fe   5.25ms (tex  0.05)  draws 10032/7059  verts  70007  idx 138643  states 4109  newtex   0 (0KB)  queue 8
[rt] f7752 render  10.12ms (tex  0.00 vbo  0.00)  applies 7046  programs 406
[ft] f7763 guest  14.99ms  fe   4.45ms (tex  0.05)  draws 10032/7059  verts  70007  idx 138643  states 4109  newtex   0 (0KB)  queue 8
[rt] f7753 render   6.07ms (tex  0.00 vbo  0.23)  applies 7046  programs 406
[rt] f7753 render   7.14ms (tex  0.00 vbo  0.00)  applies 7046  programs 406
[ft] f7764 guest  13.36ms  fe   4.50ms (tex  0.05)  draws 10032/7059  verts  70007  idx 138643  states 4109  newtex   0 (0KB)  queue 8
[rt] f7754 render   6.17ms (tex  0.00 vbo  0.23)  applies 7046  programs 406
[rt] f7754 render   8.57ms (tex  0.00 vbo  0.00)  applies 7046  programs 406
[ft] f7765 guest  14.75ms  fe   4.41ms (tex  0.05)  draws 10032/7059  verts  70007  idx 138643  states 4109  newtex   0 (0KB)  queue 8
[rt] f7755 render   6.09ms (tex  0.00 vbo  0.26)  applies 7046  programs 406
[rt] f7755 render   8.97ms (tex  0.00 vbo  0.00)  applies 7046  programs 406
[ft] f7766 guest  15.23ms  fe   4.46ms (tex  0.05)  draws 10032/7059  verts  70007  idx 138643  states 4109  newtex   0 (0KB)  queue 8
[rt] f7756 render   5.96ms (tex  0.00 vbo  0.27)  applies 7046  programs 406
[rt] f7756 render   8.55ms (tex  0.00 vbo  0.00)  applies 7046  programs 406
[ft] f7767 guest  14.62ms  fe   4.48ms (tex  0.06)  draws 10032/7059  verts  70007  idx 138643  states 4109  newtex   0 (0KB)  queue 8
[rt] f7757 render   6.08ms (tex  0.00 vbo  0.21)  applies 7046  programs 406
[rt] f7757 render   8.97ms (tex  0.00 vbo  0.00)  applies 7046  programs 406
[ft] f7768 guest  15.12ms  fe   4.43ms (tex  0.05)  draws 10032/7059  verts  70007  idx 138643  states 4109  newtex   0 (0KB)  queue 8
[rt] f7758 render   5.95ms (tex  0.00 vbo  0.24)  applies 7046  programs 406
[rt] f7758 render   8.72ms (tex  0.00 vbo  0.00)  applies 7046  programs 406
[ft] f7769 guest  14.74ms  fe   4.36ms (tex  0.05)  draws 10032/7059  verts  70007  idx 138643  states 4109  newtex   0 (0KB)  queue 8
[rt] f7759 render   5.98ms (tex  0.00 vbo  0.22)  applies 7046  programs 406
[rt] f7759 render   8.65ms (tex  0.00 vbo  0.00)  applies 7046  programs 406
[ft] f7770 guest  14.79ms  fe   4.41ms (tex  0.04)  draws 10032/7059  verts  70007  idx 138643  states 4109  newtex   0 (0KB)  queue 8
[rt] f7760 render   6.04ms (tex  0.00 vbo  0.23)  applies 7046  programs 406
[rt] f7760 render   8.59ms (tex  0.00 vbo  0.00)  applies 7046  programs 406
[ft] f7771 guest  14.83ms  fe   4.53ms (tex  0.05)  draws 10032/7059  verts  70007  idx 138643  states 4109  newtex   0 (0KB)  queue 8
[rt] f7761 render   6.00ms (tex  0.00 vbo  0.28)  applies 7046  programs 406
[rt] f7761 render   8.86ms (tex  0.00 vbo  0.00)  applies 7046  programs 406
[ft] f7772 guest  14.90ms  fe   4.45ms (tex  0.04)  draws 10032/7059  verts  70007  idx 138643  states 4109  newtex   0 (0KB)  queue 8
[rt] f7762 render   6.17ms (tex  0.00 vbo  0.22)  applies 7046  programs 406
[rt] f7762 render   8.64ms (tex  0.00 vbo  0.00)  applies 7046  programs 406
[ft] f7773 guest  14.90ms  fe   4.46ms (tex  0.04)  draws 10032/7059  verts  70007  idx 138643  states 4109  newtex   0 (0KB)  queue 8
[rt] f7763 render   6.08ms (tex  0.00 vbo  0.26)  applies 7046  programs 406
[rt] f7763 render   8.62ms (tex  0.00 vbo  0.00)  applies 7046  programs 406
[ft] f7774 guest  14.72ms  fe   4.40ms (tex  0.04)  draws 10032/7059  verts  70007  idx 138643  states 4109  newtex   0 (0KB)  queue 8
[rt] f7764 render   6.05ms (tex  0.00 vbo  0.21)  applies 7046  programs 406
[rt] f7764 render   8.67ms (tex  0.00 vbo  0.00)  applies 7046  programs 406
[ft] f7775 guest  14.86ms  fe   4.40ms (tex  0.04)  draws 10032/7059  verts  70007  idx 138643  states 4109  newtex   0 (0KB)  queue 8
[rt] f7765 render   6.28ms (tex  0.00 vbo  0.21)  applies 7046  programs 406
[rt] f7765 render   8.42ms (tex  0.00 vbo  0.00)  applies 7046  programs 406
[ft] f7776 guest  14.74ms  fe   4.35ms (tex  0.04)  draws 10032/7059  verts  70007  idx 138643  states 4109  newtex   0 (0KB)  queue 8
[rt] f7766 render   6.02ms (tex  0.00 vbo  0.23)  applies 7046  programs 406
[rt] f7766 render   8.64ms (tex  0.00 vbo  0.00)  applies 7046  programs 406
[ft] f7777 guest  14.79ms  fe   4.38ms (tex  0.04)  draws 10032/7059  verts  70007  idx 138643  states 4109  newtex   0 (0KB)  queue 8
[rt] f7767 render   6.13ms (tex  0.00 vbo  0.28)  applies 7046  programs 406
[rt] f7767 render   8.73ms (tex  0.00 vbo  0.00)  applies 7046  programs 406
[ft] f7778 guest  14.96ms  fe   4.36ms (tex  0.04)  draws 10032/7059  verts  70007  idx 138643  states 4109  newtex   0 (0KB)  queue 8
[rt] f7768 render   6.16ms (tex  0.00 vbo  0.23)  applies 7046  programs 406
[rt] f7768 render   9.81ms (tex  0.00 vbo  0.00)  applies 7046  programs 406
[ft] f7779 guest  16.34ms  fe   4.54ms (tex  0.04)  draws 10032/7059  verts  70007  idx 138643  states 4109  newtex   0 (0KB)  queue 8
[rt] f7769 render   6.79ms (tex  0.00 vbo  0.31)  applies 7046  programs 406
[rt] f7769 render   6.58ms (tex  0.00 vbo  0.00)  applies 7046  programs 406
[ft] f7780 guest  13.32ms  fe   4.37ms (tex  0.04)  draws 10032/7059  verts  70007  idx 138643  states 4109  newtex   0 (0KB)  queue 8
[rt] f7770 render   6.03ms (tex  0.00 vbo  0.25)  applies 7046  programs 406
[rt] f7770 render   8.53ms (tex  0.00 vbo  0.00)  applies 7046  programs 406
[ft] f7781 guest  14.71ms  fe   4.32ms (tex  0.04)  draws 10032/7059  verts  70007  idx 138643  states 4109  newtex   0 (0KB)  queue 8
[rt] f7771 render   6.13ms (tex  0.00 vbo  0.22)  applies 7046  programs 406
[rt] f7771 render   8.38ms (tex  0.00 vbo  0.00)  applies 7046  programs 406
[ft] f7782 guest  14.68ms  fe   4.41ms (tex  0.04)  draws 10032/7059  verts  70007  idx 138643  states 4109  newtex   0 (0KB)  queue 8
[rt] f7772 render   5.89ms (tex  0.00 vbo  0.20)  applies 7046  programs 406
[rt] f7772 render   8.98ms (tex  0.00 vbo  0.00)  applies 7046  programs 406
[ft] f7783 guest  14.89ms  fe   4.36ms (tex  0.04)  draws 10032/7059  verts  70007  idx 138643  states 4109  newtex   0 (0KB)  queue 8
[rt] f7773 render   5.96ms (tex  0.00 vbo  0.23)  applies 7046  programs 406
[rt] f7773 render   8.89ms (tex  0.00 vbo  0.00)  applies 7046  programs 406
[ft] f7784 guest  15.05ms  fe   4.38ms (tex  0.04)  draws 10032/7059  verts  70007  idx 138643  states 4109  newtex   0 (0KB)  queue 8
[rt] f7774 render   6.10ms (tex  0.00 vbo  0.19)  applies 7046  programs 406
[rt] f7774 render  11.56ms (tex  0.00 vbo  0.00)  applies 7046  programs 406
[ft] f7785 guest  17.77ms  fe   4.38ms (tex  0.05)  draws 10032/7059  verts  70007  idx 138643  states 4109  newtex   0 (0KB)  queue 8
[rt] f7775 render   5.90ms (tex  0.00 vbo  0.19)  applies 7046  programs 406
[rt] f7775 render   6.55ms (tex  0.00 vbo  0.00)  applies 7046  programs 406
[ft] f7786 guest  12.49ms  fe   4.37ms (tex  0.04)  draws 10032/7059  verts  70007  idx 138643  states 4109  newtex   0 (0KB)  queue 8
[rt] f7776 render   5.92ms (tex  0.00 vbo  0.22)  applies 7046  programs 406
[rt] f7776 render   8.84ms (tex  0.00 vbo  0.00)  applies 7046  programs 406
[ft] f7787 guest  14.81ms  fe   4.34ms (tex  0.04)  draws 10032/7059  verts  70007  idx 138643  states 4109  newtex   0 (0KB)  queue 8
[rt] f7777 render   6.11ms (tex  0.00 vbo  0.22)  applies 7046  programs 406
[rt] f7777 render   8.63ms (tex  0.00 vbo  0.00)  applies 7046  programs 406
[ft] f7788 guest  14.86ms  fe   4.38ms (tex  0.04)  draws 10032/7059  verts  70007  idx 138643  states 4109  newtex   0 (0KB)  queue 8
[rt] f7778 render   5.97ms (tex  0.00 vbo  0.21)  applies 7046  programs 406
[rt] f7778 render   8.93ms (tex  0.00 vbo  0.00)  applies 7046  programs 406
[ft] f7789 guest  15.00ms  fe   4.38ms (tex  0.04)  draws 10032/7059  verts  70007  idx 138643  states 4109  newtex   0 (0KB)  queue 8
[rt] f7779 render   6.06ms (tex  0.00 vbo  0.23)  applies 7046  programs 406
[rt] f7779 render   9.81ms (tex  0.00 vbo  0.00)  applies 7046  programs 406
[ft] f7790 guest  16.01ms  fe   4.37ms (tex  0.04)  draws 10032/7059  verts  70007  idx 138643  states 4109  newtex   0 (0KB)  queue 8
[rt] f7780 render   5.93ms (tex  0.00 vbo  0.21)  applies 7046  programs 406
[rt] f7780 render   7.45ms (tex  0.00 vbo  0.00)  applies 7046  programs 406
[ft] f7791 guest  13.50ms  fe   4.42ms (tex  0.04)  draws 10032/7059  verts  70007  idx 138643  states 4109  newtex   0 (0KB)  queue 8
[rt] f7781 render   5.96ms (tex  0.00 vbo  0.23)  applies 7046  programs 406
[rt] f7781 render   8.68ms (tex  0.00 vbo  0.00)  applies 7046  programs 406
[ft] f7792 guest  14.70ms  fe   4.36ms (tex  0.04)  draws 10032/7059  verts  70007  idx 138643  states 4109  newtex   0 (0KB)  queue 8
[rt] f7782 render   5.92ms (tex  0.00 vbo  0.23)  applies 7046  programs 406
[rt] f7782 render   9.23ms (tex  0.00 vbo  0.00)  applies 7046  programs 406
[rt] f7783 render   6.90ms (tex  0.00 vbo  0.18)  applies 7046  programs 406
[ft] f7793 guest  17.24ms  fe   5.71ms (tex  0.05)  draws 10032/7059  verts  70007  idx 138643  states 4109  newtex   0 (0KB)  queue 8
[rt] f7783 render   7.89ms (tex  0.00 vbo  0.00)  applies 7046  programs 406
[ft] f7794 guest  13.04ms  fe   4.43ms (tex  0.05)  draws 10032/7059  verts  70007  idx 138643  states 4109  newtex   0 (0KB)  queue 8
[rt] f7784 render   6.23ms (tex  0.00 vbo  0.25)  applies 7046  programs 406
[rt] f7784 render   8.42ms (tex  0.00 vbo  0.00)  applies 7046  programs 406
[ft] f7795 guest  14.90ms  fe   4.50ms (tex  0.06)  draws 10032/7059  verts  70007  idx 138643  states 4109  newtex   0 (0KB)  queue 8
[rt] f7785 render   6.08ms (tex  0.00 vbo  0.23)  applies 7046  programs 406
[rt] f7785 render   8.51ms (tex  0.00 vbo  0.00)  applies 7046  programs 406
[ft] f7796 guest  14.65ms  fe   4.48ms (tex  0.06)  draws 10032/7059  verts  70007  idx 138643  states 4109  newtex   0 (0KB)  queue 8
[rt] f7786 render   6.18ms (tex  0.00 vbo  0.24)  applies 7046  programs 406
[rt] f7786 render   8.46ms (tex  0.00 vbo  0.00)  applies 7046  programs 406
[ft] f7797 guest  14.65ms  fe   4.36ms (tex  0.04)  draws 10032/7059  verts  70007  idx 138643  states 4109  newtex   0 (0KB)  queue 8
[rt] f7787 render   5.86ms (tex  0.00 vbo  0.25)  applies 7046  programs 406
[rt] f7787 render   8.83ms (tex  0.00 vbo  0.00)  applies 7046  programs 406
[ft] f7798 guest  14.95ms  fe   4.55ms (tex  0.04)  draws 10032/7059  verts  70007  idx 138643  states 4109  newtex   0 (0KB)  queue 8
[rt] f7788 render   5.95ms (tex  0.00 vbo  0.24)  applies 7046  programs 406
[rt] f7788 render   8.88ms (tex  0.00 vbo  0.00)  applies 7046  programs 406
[ft] f7799 guest  14.97ms  fe   4.52ms (tex  0.05)  draws 10032/7059  verts  70007  idx 138643  states 4109  newtex   0 (0KB)  queue 8
[rt] f7789 render   6.05ms (tex  0.00 vbo  0.24)  applies 7046  programs 406
[rt] f7789 render   8.77ms (tex  0.00 vbo  0.00)  applies 7046  programs 406
[ft] f7800 guest  14.77ms  fe   4.40ms (tex  0.05)  draws 10032/7059  verts  70007  idx 138643  states 4109  newtex   0 (0KB)  queue 8
[rt] f7790 render   6.13ms (tex  0.00 vbo  0.23)  applies 7046  programs 406
[rt] f7790 render   9.91ms (tex  0.00 vbo  0.00)  applies 7046  programs 406
[ft] f7801 guest  16.08ms  fe   4.36ms (tex  0.05)  draws 10032/7059  verts  70007  idx 138643  states 4109  newtex   0 (0KB)  queue 8
[rt] f7791 render   6.02ms (tex  0.00 vbo  0.25)  applies 7046  programs 406
[rt] f7791 render   7.19ms (tex  0.00 vbo  0.00)  applies 7046  programs 406
[ft] f7802 guest  13.34ms  fe   4.41ms (tex  0.04)  draws 10032/7059  verts  70007  idx 138643  states 4109  newtex   0 (0KB)  queue 8
[rt] f7792 render   6.01ms (tex  0.00 vbo  0.25)  applies 7046  programs 406
[rt] f7792 render   8.81ms (tex  0.00 vbo  0.00)  applies 7046  programs 406
[ft] f7803 guest  14.93ms  fe   4.40ms (tex  0.04)  draws 10032/7059  verts  70007  idx 138643  states 4109  newtex   0 (0KB)  queue 8
[rt] f7793 render   6.07ms (tex  0.00 vbo  0.22)  applies 7046  programs 406
[rt] f7793 render   8.60ms (tex  0.00 vbo  0.00)  applies 7046  programs 406
[ft] f7804 guest  14.79ms  fe   4.40ms (tex  0.04)  draws 10032/7059  verts  70007  idx 138643  states 4109  newtex   0 (0KB)  queue 8
[rt] f7794 render   6.02ms (tex  0.00 vbo  0.22)  applies 7046  programs 406
[rt] f7794 render   9.18ms (tex  0.00 vbo  0.00)  applies 7046  programs 406
[ft] f7805 guest  15.30ms  fe   4.37ms (tex  0.04)  draws 10032/7059  verts  70007  idx 138643  states 4109  newtex   0 (0KB)  queue 8
[rt] f7795 render   6.03ms (tex  0.00 vbo  0.24)  applies 7046  programs 406
[rt] f7795 render   8.50ms (tex  0.00 vbo  0.00)  applies 7046  programs 406
[ft] f7806 guest  14.89ms  fe   4.61ms (tex  0.04)  draws 10032/7059  verts  70007  idx 138643  states 4109  newtex   0 (0KB)  queue 8
[rt] f7796 render   5.99ms (tex  0.00 vbo  0.25)  applies 7046  programs 406
[rt] f7796 render   8.77ms (tex  0.00 vbo  0.00)  applies 7046  programs 406
[ft] f7807 guest  15.53ms  fe   5.06ms (tex  0.04)  draws 10032/7059  verts  70007  idx 138643  states 4109  newtex   0 (0KB)  queue 8
[rt] f7797 render   7.21ms (tex  0.00 vbo  0.24)  applies 7046  programs 406
[rt] f7797 render   7.51ms (tex  0.00 vbo  0.00)  applies 7046  programs 406
[ft] f7808 guest  14.82ms  fe   5.02ms (tex  0.05)  draws 10032/7059  verts  70007  idx 138643  states 4109  newtex   0 (0KB)  queue 8
[rt] f7798 render   6.60ms (tex  0.00 vbo  0.24)  applies 7046  programs 406
[rt] f7798 render   8.70ms (tex  0.00 vbo  0.00)  applies 7046  programs 406
[ft] f7809 guest  14.59ms  fe   4.41ms (tex  0.04)  draws 10032/7059  verts  70007  idx 138643  states 4109  newtex   0 (0KB)  queue 8
[rt] f7799 render   6.08ms (tex  0.00 vbo  0.24)  applies 7046  programs 406
[rt] f7799 render   7.94ms (tex  0.00 vbo  0.00)  applies 7046  programs 406
[ft] f7810 guest  14.19ms  fe   4.43ms (tex  0.04)  draws 10032/7059  verts  70007  idx 138643  states 4109  newtex   0 (0KB)  queue 8
[rt] f7800 render   6.10ms (tex  0.00 vbo  0.27)  applies 7046  programs 406
[rt] f7800 render   8.87ms (tex  0.00 vbo  0.00)  applies 7046  programs 406
[ft] f7811 guest  15.01ms  fe   4.35ms (tex  0.04)  draws 10032/7059  verts  70007  idx 138643  states 4109  newtex   0 (0KB)  queue 8
[rt] f7801 render   6.16ms (tex  0.00 vbo  0.23)  applies 7046  programs 406
[rt] f7801 render   8.44ms (tex  0.00 vbo  0.00)  applies 7046  programs 406
[ft] f7812 guest  14.86ms  fe   4.48ms (tex  0.05)  draws 10032/7059  verts  70007  idx 138643  states 4109  newtex   0 (0KB)  queue 8
[rt] f7802 render   6.19ms (tex  0.00 vbo  0.25)  applies 7046  programs 406
[rt] f7802 render   8.46ms (tex  0.00 vbo  0.00)  applies 7046  programs 406
[ft] f7813 guest  14.61ms  fe   4.36ms (tex  0.05)  draws 10032/7059  verts  70007  idx 138643  states 4109  newtex   0 (0KB)  queue 8
[rt] f7803 render   6.23ms (tex  0.00 vbo  0.21)  applies 7046  programs 406
[rt] f7803 render   8.84ms (tex  0.00 vbo  0.00)  applies 7046  programs 406
[ft] f7814 guest  15.30ms  fe   4.43ms (tex  0.05)  draws 10032/7059  verts  70007  idx 138643  states 4109  newtex   0 (0KB)  queue 8
[rt] f7804 render   6.08ms (tex  0.00 vbo  0.19)  applies 7046  programs 406
[rt] f7804 render   8.39ms (tex  0.00 vbo  0.00)  applies 7046  programs 406
[ft] f7815 guest  15.45ms  fe   5.09ms (tex  0.05)  draws 10032/7059  verts  70007  idx 138643  states 4109  newtex   0 (0KB)  queue 8
[rt] f7805 render   6.46ms (tex  0.00 vbo  0.22)  applies 7046  programs 406
[rt] f7805 render   8.68ms (tex  0.00 vbo  0.00)  applies 7046  programs 406
[ft] f7816 guest  15.15ms  fe   4.95ms (tex  0.06)  draws 10032/7059  verts  70007  idx 138643  states 4109  newtex   0 (0KB)  queue 8
[rt] f7806 render   7.25ms (tex  0.00 vbo  0.21)  applies 7046  programs 406
[rt] f7806 render   8.36ms (tex  0.00 vbo  0.00)  applies 7046  programs 406
[rt] f7807 render   6.00ms (tex  0.00 vbo  0.20)  applies 7046  programs 406
[ft] f7817 guest  16.98ms  fe   5.87ms (tex  0.06)  draws 10032/7059  verts  70007  idx 138643  states 4109  newtex   0 (0KB)  queue 8
[rt] f7807 render   7.20ms (tex  0.00 vbo  0.00)  applies 7046  programs 406
[rt] f7808 render   5.90ms (tex  0.01 vbo  0.20)  applies 7046  programs 406
[ft] f7818 guest  13.29ms  fe   5.81ms (tex  0.06)  draws 10032/7059  verts  70007  idx 138643  states 4109  newtex   0 (0KB)  queue 8
[rt] f7808 render   8.74ms (tex  0.00 vbo  0.00)  applies 7046  programs 406
[ft] f7819 guest  12.75ms  fe   4.40ms (tex  0.05)  draws 10032/7059  verts  70007  idx 138643  states 4109  newtex   0 (0KB)  queue 8
[rt] f7809 render   6.18ms (tex  0.00 vbo  0.25)  applies 7046  programs 406
[rt] f7809 render   8.47ms (tex  0.00 vbo  0.00)  applies 7046  programs 406
[ft] f7820 guest  14.77ms  fe   4.44ms (tex  0.05)  draws 10032/7059  verts  70007  idx 138643  states 4109  newtex   0 (0KB)  queue 8
[rt] f7810 render   6.20ms (tex  0.00 vbo  0.29)  applies 7046  programs 406
[rt] f7810 render   8.58ms (tex  0.00 vbo  0.00)  applies 7046  programs 406
[ft] f7821 guest  15.00ms  fe   4.56ms (tex  0.06)  draws 10032/7059  verts  70007  idx 138643  states 4109  newtex   0 (0KB)  queue 8
[rt] f7811 render   6.09ms (tex  0.00 vbo  0.22)  applies 7046  programs 406
[rt] f7811 render   9.16ms (tex  0.00 vbo  0.00)  applies 7046  programs 406
[ft] f7822 guest  15.33ms  fe   4.40ms (tex  0.05)  draws 10032/7059  verts  70007  idx 138643  states 4109  newtex   0 (0KB)  queue 8
[rt] f7812 render   5.99ms (tex  0.00 vbo  0.24)  applies 7046  programs 406
[rt] f7812 render   8.47ms (tex  0.00 vbo  0.00)  applies 7046  programs 406
[ft] f7823 guest  15.06ms  fe   4.79ms (tex  0.05)  draws 10032/7059  verts  70007  idx 138643  states 4109  newtex   0 (0KB)  queue 8
[rt] f7813 render   7.20ms (tex  0.00 vbo  0.21)  applies 7046  programs 406
[rt] f7813 render   7.47ms (tex  0.00 vbo  0.00)  applies 7046  programs 406
[ft] f7824 guest  14.14ms  fe   4.32ms (tex  0.05)  draws 10032/7059  verts  70007  idx 138643  states 4109  newtex   0 (0KB)  queue 8
[rt] f7814 render   5.93ms (tex  0.00 vbo  0.19)  applies 7046  programs 406
[rt] f7814 render   8.75ms (tex  0.00 vbo  0.00)  applies 7046  programs 406
[ft] f7825 guest  14.98ms  fe   4.48ms (tex  0.05)  draws 10032/7059  verts  70007  idx 138643  states 4109  newtex   0 (0KB)  queue 8
[rt] f7815 render   6.12ms (tex  0.00 vbo  0.24)  applies 7046  programs 406
[rt] f7815 render   8.61ms (tex  0.00 vbo  0.00)  applies 7046  programs 406
[ft] f7826 guest  14.76ms  fe   4.40ms (tex  0.05)  draws 10032/7059  verts  70007  idx 138643  states 4109  newtex   0 (0KB)  queue 8
[rt] f7816 render   6.06ms (tex  0.00 vbo  0.23)  applies 7046  programs 406
[rt] f7816 render   8.78ms (tex  0.00 vbo  0.00)  applies 7046  programs 406
[ft] f7827 guest  15.00ms  fe   4.38ms (tex  0.04)  draws 10032/7059  verts  70007  idx 138643  states 4109  newtex   0 (0KB)  queue 8
[rt] f7817 render   5.97ms (tex  0.00 vbo  0.25)  applies 7046  programs 406
[rt] f7817 render   9.90ms (tex  0.00 vbo  0.00)  applies 7046  programs 406
[ft] f7828 guest  15.87ms  fe   4.32ms (tex  0.04)  draws 10032/7059  verts  70007  idx 138643  states 4109  newtex   0 (0KB)  queue 8
[rt] f7818 render   6.08ms (tex  0.00 vbo  0.19)  applies 7046  programs 406
[rt] f7818 render   7.27ms (tex  0.00 vbo  0.00)  applies 7046  programs 406
[rt] f7819 render   5.98ms (tex  0.00 vbo  0.19)  applies 7046  programs 406
[ft] f7829 guest  15.11ms  fe   5.59ms (tex  0.05)  draws 10032/7059  verts  70007  idx 138643  states 4109  newtex   0 (0KB)  queue 8
[rt] f7819 render   8.69ms (tex  0.00 vbo  0.00)  applies 7046  programs 406
[rt] f7820 render   5.87ms (tex  0.00 vbo  0.24)  applies 7046  programs 406
[ft] f7830 guest  14.85ms  fe   5.62ms (tex  0.06)  draws 10032/7059  verts  70007  idx 138643  states 4109  newtex   0 (0KB)  queue 8
[rt] f7820 render   8.99ms (tex  0.00 vbo  0.00)  applies 7046  programs 406
[rt] f7821 render   6.17ms (tex  0.00 vbo  0.23)  applies 7046  programs 406
[ft] f7831 guest  14.96ms  fe   5.64ms (tex  0.06)  draws 10032/7059  verts  70007  idx 138643  states 4109  newtex   0 (0KB)  queue 8
[rt] f7821 render   8.69ms (tex  0.00 vbo  0.00)  applies 7046  programs 406
[rt] f7822 render   6.16ms (tex  0.00 vbo  0.21)  applies 7046  programs 406
[ft] f7832 guest  16.27ms  fe   6.41ms (tex  0.06)  draws 10032/7059  verts  70007  idx 138643  states 4109  newtex   0 (0KB)  queue 8
[rt] f7822 render   8.67ms (tex  0.00 vbo  0.00)  applies 7046  programs 406
[ft] f7833 guest  12.43ms  fe   4.60ms (tex  0.05)  draws 10032/7059  verts  70007  idx 138643  states 4109  newtex   0 (0KB)  queue 8
[rt] f7823 render   6.71ms (tex  0.00 vbo  0.20)  applies 7046  programs 406
[rt] f7823 render   7.98ms (tex  0.00 vbo  0.00)  applies 7046  programs 406
[ft] f7834 guest  14.40ms  fe   4.44ms (tex  0.05)  draws 10032/7059  verts  70007  idx 138643  states 4109  newtex   0 (0KB)  queue 8
[rt] f7824 render   5.95ms (tex  0.00 vbo  0.21)  applies 7046  programs 406
[rt] f7824 render   8.70ms (tex  0.00 vbo  0.00)  applies 7046  programs 406
[ft] f7835 guest  14.80ms  fe   4.46ms (tex  0.05)  draws 10032/7059  verts  70007  idx 138643  states 4109  newtex   0 (0KB)  queue 8
[rt] f7825 render   6.08ms (tex  0.00 vbo  0.23)  applies 7046  programs 406
[rt] f7825 render   8.83ms (tex  0.00 vbo  0.00)  applies 7046  programs 406
[ft] f7836 guest  14.99ms  fe   4.44ms (tex  0.05)  draws 10032/7059  verts  70007  idx 138643  states 4109  newtex   0 (0KB)  queue 8
[rt] f7826 render   6.18ms (tex  0.00 vbo  0.29)  applies 7046  programs 406
[rt] f7826 render   8.36ms (tex  0.00 vbo  0.00)  applies 7046  programs 406
[rt] f7827 render   6.08ms (tex  0.00 vbo  0.25)  applies 7046  programs 406
[ft] f7837 guest  16.17ms  fe   5.47ms (tex  0.05)  draws 10032/7059  verts  70007  idx 138643  states 4109  newtex   0 (0KB)  queue 8
[rt] f7827 render   8.90ms (tex  0.00 vbo  0.00)  applies 7046  programs 406
[rt] f7828 render   5.96ms (tex  0.00 vbo  0.22)  applies 7046  programs 406
[ft] f7838 guest  14.88ms  fe   5.12ms (tex  0.05)  draws 10032/7059  verts  70007  idx 138643  states 4109  newtex   0 (0KB)  queue 8
[rt] f7828 render   8.78ms (tex  0.00 vbo  0.00)  applies 7046  programs 406
[ft] f7839 guest  13.61ms  fe   4.43ms (tex  0.05)  draws 10032/7059  verts  70007  idx 138643  states 4109  newtex   0 (0KB)  queue 8
[rt] f7829 render   6.25ms (tex  0.00 vbo  0.25)  applies 7046  programs 406
[rt] f7829 render   8.30ms (tex  0.00 vbo  0.00)  applies 7046  programs 406
[ft] f7840 guest  14.68ms  fe   4.43ms (tex  0.04)  draws 10032/7059  verts  70007  idx 138643  states 4109  newtex   0 (0KB)  queue 8
[rt] f7830 render   6.30ms (tex  0.00 vbo  0.26)  applies 7046  programs 406
[rt] f7830 render   8.38ms (tex  0.00 vbo  0.00)  applies 7046  programs 406
[ft] f7841 guest  14.90ms  fe   4.41ms (tex  0.05)  draws 10032/7059  verts  70007  idx 138643  states 4109  newtex   0 (0KB)  queue 8
[rt] f7831 render   5.98ms (tex  0.00 vbo  0.28)  applies 7046  programs 406
[rt] f7831 render   8.67ms (tex  0.00 vbo  0.00)  applies 7046  programs 406
[ft] f7842 guest  15.15ms  fe   4.77ms (tex  0.07)  draws 10032/7059  verts  70007  idx 138643  states 4109  newtex   0 (0KB)  queue 8
[rt] f7832 render   7.16ms (tex  0.00 vbo  0.22)  applies 7046  programs 406
[rt] f7832 render   7.74ms (tex  0.00 vbo  0.00)  applies 7046  programs 406
[ft] f7843 guest  14.51ms  fe   4.43ms (tex  0.04)  draws 10032/7059  verts  70007  idx 138643  states 4109  newtex   0 (0KB)  queue 8
[rt] f7833 render   6.09ms (tex  0.00 vbo  0.26)  applies 7046  programs 406
[rt] f7833 render   9.64ms (tex  0.00 vbo  0.00)  applies 7046  programs 406
[ft] f7844 guest  15.81ms  fe   4.40ms (tex  0.04)  draws 10032/7059  verts  70007  idx 138643  states 4109  newtex   0 (0KB)  queue 8
[rt] f7834 render   5.95ms (tex  0.00 vbo  0.24)  applies 7046  programs 406
[rt] f7834 render   7.36ms (tex  0.00 vbo  0.00)  applies 7046  programs 406
[ft] f7845 guest  13.40ms  fe   4.39ms (tex  0.04)  draws 10032/7059  verts  70007  idx 138643  states 4109  newtex   0 (0KB)  queue 8
[rt] f7835 render   6.11ms (tex  0.00 vbo  0.25)  applies 7046  programs 406
[rt] f7835 render   8.66ms (tex  0.00 vbo  0.00)  applies 7046  programs 406
[ft] f7846 guest  14.88ms  fe   4.35ms (tex  0.04)  draws 10032/7059  verts  70007  idx 138643  states 4109  newtex   0 (0KB)  queue 8
[rt] f7836 render   6.12ms (tex  0.00 vbo  0.25)  applies 7046  programs 406
[rt] f7836 render   8.56ms (tex  0.00 vbo  0.00)  applies 7046  programs 406
[ft] f7847 guest  14.89ms  fe   4.44ms (tex  0.05)  draws 10032/7059  verts  70007  idx 138643  states 4109  newtex   0 (0KB)  queue 8
[rt] f7837 render   6.18ms (tex  0.00 vbo  0.23)  applies 7046  programs 406
[rt] f7837 render   8.66ms (tex  0.00 vbo  0.00)  applies 7046  programs 406
[ft] f7848 guest  14.88ms  fe   4.39ms (tex  0.05)  draws 10032/7059  verts  70007  idx 138643  states 4109  newtex   0 (0KB)  queue 8
[rt] f7838 render   6.15ms (tex  0.00 vbo  0.31)  applies 7046  programs 406
[rt] f7838 render   8.67ms (tex  0.00 vbo  0.00)  applies 7046  programs 406
[ft] f7849 guest  14.93ms  fe   4.35ms (tex  0.05)  draws 10032/7059  verts  70007  idx 138643  states 4109  newtex   0 (0KB)  queue 8
[rt] f7839 render   6.16ms (tex  0.00 vbo  0.22)  applies 7046  programs 406
[rt] f7839 render   8.63ms (tex  0.00 vbo  0.00)  applies 7046  programs 406
[ft] f7850 guest  15.15ms  fe   4.54ms (tex  0.05)  draws 10032/7059  verts  70007  idx 138643  states 4109  newtex   0 (0KB)  queue 8
[rt] f7840 render   6.02ms (tex  0.00 vbo  0.25)  applies 7046  programs 406
[rt] f7840 render   8.53ms (tex  0.00 vbo  0.00)  applies 7046  programs 406
[ft] f7851 guest  14.41ms  fe   4.40ms (tex  0.04)  draws 10032/7059  verts  70007  idx 138643  states 4109  newtex   0 (0KB)  queue 8
[rt] f7841 render   6.12ms (tex  0.00 vbo  0.23)  applies 7046  programs 406
[rt] f7841 render   8.66ms (tex  0.00 vbo  0.00)  applies 7046  programs 406
[ft] f7852 guest  15.09ms  fe   4.50ms (tex  0.04)  draws 10032/7059  verts  70007  idx 138643  states 4109  newtex   0 (0KB)  queue 8
[rt] f7842 render   5.91ms (tex  0.00 vbo  0.22)  applies 7046  programs 406
[rt] f7842 render   8.84ms (tex  0.00 vbo  0.00)  applies 7046  programs 406
[ft] f7853 guest  14.79ms  fe   4.37ms (tex  0.04)  draws 10032/7059  verts  70007  idx 138643  states 4109  newtex   0 (0KB)  queue 8
[rt] f7843 render   6.03ms (tex  0.00 vbo  0.21)  applies 7046  programs 406
[rt] f7843 render   8.79ms (tex  0.00 vbo  0.00)  applies 7046  programs 406
[ft] f7854 guest  14.84ms  fe   4.38ms (tex  0.04)  draws 10032/7059  verts  70007  idx 138643  states 4109  newtex   0 (0KB)  queue 8
[rt] f7844 render   5.85ms (tex  0.00 vbo  0.19)  applies 7046  programs 406
[rt] f7844 render  10.10ms (tex  0.00 vbo  0.00)  applies 7046  programs 406
[ft] f7855 guest  16.05ms  fe   4.35ms (tex  0.04)  draws 10032/7059  verts  70007  idx 138643  states 4109  newtex   0 (0KB)  queue 8
[rt] f7845 render   6.09ms (tex  0.00 vbo  0.21)  applies 7046  programs 406
[rt] f7845 render   7.13ms (tex  0.00 vbo  0.00)  applies 7046  programs 406
[ft] f7856 guest  13.43ms  fe   4.45ms (tex  0.04)  draws 10032/7059  verts  70007  idx 138643  states 4109  newtex   0 (0KB)  queue 8
[rt] f7846 render   6.04ms (tex  0.00 vbo  0.22)  applies 7046  programs 406
[rt] f7846 render   8.61ms (tex  0.00 vbo  0.00)  applies 7046  programs 406
[ft] f7857 guest  14.75ms  fe   4.39ms (tex  0.04)  draws 10032/7059  verts  70007  idx 138643  states 4109  newtex   0 (0KB)  queue 8
[rt] f7847 render   5.97ms (tex  0.00 vbo  0.27)  applies 7046  programs 406
[rt] f7847 render   8.79ms (tex  0.00 vbo  0.00)  applies 7046  programs 406
[ft] f7858 guest  14.96ms  fe   4.43ms (tex  0.04)  draws 10032/7059  verts  70007  idx 138643  states 4109  newtex   0 (0KB)  queue 8
[rt] f7848 render   6.00ms (tex  0.00 vbo  0.20)  applies 7046  programs 406
[rt] f7848 render   8.94ms (tex  0.00 vbo  0.00)  applies 7046  programs 406
[ft] f7859 guest  15.14ms  fe   4.55ms (tex  0.04)  draws 10032/7059  verts  70007  idx 138643  states 4109  newtex   0 (0KB)  queue 8
[rt] f7849 render   6.14ms (tex  0.00 vbo  0.21)  applies 7046  programs 406
[rt] f7849 render   8.58ms (tex  0.00 vbo  0.00)  applies 7046  programs 406
[ft] f7860 guest  14.74ms  fe   4.45ms (tex  0.05)  draws 10032/7059  verts  70007  idx 138643  states 4109  newtex   0 (0KB)  queue 8
[rt] f7850 render   6.11ms (tex  0.00 vbo  0.22)  applies 7046  programs 406
[rt] f7850 render   8.63ms (tex  0.00 vbo  0.00)  applies 7046  programs 406
[ft] f7861 guest  14.90ms  fe   4.55ms (tex  0.04)  draws 10032/7059  verts  70007  idx 138643  states 4109  newtex   0 (0KB)  queue 8
[rt] f7851 render   6.14ms (tex  0.00 vbo  0.26)  applies 7046  programs 406
[rt] f7851 render   8.62ms (tex  0.00 vbo  0.00)  applies 7046  programs 406
[ft] f7862 guest  14.71ms  fe   4.39ms (tex  0.04)  draws 10032/7059  verts  70007  idx 138643  states 4109  newtex   0 (0KB)  queue 8
[rt] f7852 render   6.05ms (tex  0.00 vbo  0.20)  applies 7046  programs 406
[rt] f7852 render   8.49ms (tex  0.00 vbo  0.00)  applies 7046  programs 406
[ft] f7863 guest  14.70ms  fe   4.40ms (tex  0.05)  draws 10032/7059  verts  70007  idx 138643  states 4109  newtex   0 (0KB)  queue 8
[rt] f7853 render   5.81ms (tex  0.00 vbo  0.19)  applies 7046  programs 406
[rt] f7853 render   9.01ms (tex  0.00 vbo  0.00)  applies 7046  programs 406
[ft] f7864 guest  14.91ms  fe   4.35ms (tex  0.05)  draws 10032/7059  verts  70007  idx 138643  states 4109  newtex   0 (0KB)  queue 8
[rt] f7854 render   6.00ms (tex  0.00 vbo  0.19)  applies 7046  programs 406
[rt] f7854 render   8.91ms (tex  0.00 vbo  0.00)  applies 7046  programs 406
[ft] f7865 guest  15.06ms  fe   4.39ms (tex  0.04)  draws 10032/7059  verts  70007  idx 138643  states 4109  newtex   0 (0KB)  queue 8
[rt] f7855 render   6.28ms (tex  0.00 vbo  0.22)  applies 7046  programs 406
[rt] f7855 render   9.77ms (tex  0.00 vbo  0.00)  applies 7046  programs 406
[rt] f7856 render   6.08ms (tex  0.00 vbo  0.20)  applies 7046  programs 406
[ft] f7866 guest  17.35ms  fe   5.25ms (tex  0.06)  draws 10032/7059  verts  70007  idx 138643  states 4109  newtex   0 (0KB)  queue 8
[rt] f7856 render   7.08ms (tex  0.00 vbo  0.00)  applies 7046  programs 406
[rt] f7857 render   6.07ms (tex  0.00 vbo  0.19)  applies 7046  programs 406
[ft] f7867 guest  13.87ms  fe   5.69ms (tex  0.06)  draws 10032/7059  verts  70007  idx 138643  states 4109  newtex   0 (0KB)  queue 8
[rt] f7857 render   8.62ms (tex  0.00 vbo  0.00)  applies 7046  programs 406
[ft] f7868 guest  14.65ms  fe   5.54ms (tex  0.06)  draws 10032/7059  verts  70007  idx 138643  states 4109  newtex   0 (0KB)  queue 8
[rt] f7858 render   7.86ms (tex  0.00 vbo  0.23)  applies 7046  programs 406
[rt] f7858 render   6.89ms (tex  0.00 vbo  0.00)  applies 7046  programs 406
[rt] f7859 render   5.87ms (tex  0.00 vbo  0.22)  applies 7046  programs 406
[ft] f7869 guest  14.74ms  fe   5.48ms (tex  0.06)  draws 10032/7059  verts  70007  idx 138643  states 4109  newtex   0 (0KB)  queue 8
[rt] f7859 render   8.89ms (tex  0.00 vbo  0.00)  applies 7046  programs 406
[rt] f7860 render   6.12ms (tex  0.00 vbo  0.33)  applies 7046  programs 406
[ft] f7870 guest  15.28ms  fe   5.78ms (tex  0.06)  draws 10032/7059  verts  70007  idx 138643  states 4109  newtex   0 (0KB)  queue 8
[rt] f7860 render   8.94ms (tex  0.00 vbo  0.00)  applies 7046  programs 406
[rt] f7861 render   6.07ms (tex  0.00 vbo  0.21)  applies 7046  programs 406
[ft] f7871 guest  15.24ms  fe   5.86ms (tex  0.06)  draws 10032/7059  verts  70007  idx 138643  states 4109  newtex   0 (0KB)  queue 8
[rt] f7861 render   8.54ms (tex  0.00 vbo  0.00)  applies 7046  programs 406
[ft] f7872 guest  12.80ms  fe   4.39ms (tex  0.04)  draws 10032/7059  verts  70007  idx 138643  states 4109  newtex   0 (0KB)  queue 8
[rt] f7862 render   6.01ms (tex  0.00 vbo  0.30)  applies 7046  programs 406
[rt] f7862 render   8.71ms (tex  0.00 vbo  0.00)  applies 7046  programs 406
[ft] f7873 guest  14.77ms  fe   4.32ms (tex  0.04)  draws 10032/7059  verts  70007  idx 138643  states 4109  newtex   0 (0KB)  queue 8
[rt] f7863 render   5.94ms (tex  0.00 vbo  0.20)  applies 7046  programs 406
[rt] f7863 render   8.59ms (tex  0.00 vbo  0.00)  applies 7046  programs 406
[ft] f7874 guest  14.68ms  fe   4.39ms (tex  0.05)  draws 10032/7059  verts  70007  idx 138643  states 4109  newtex   0 (0KB)  queue 8
[rt] f7864 render   6.15ms (tex  0.00 vbo  0.22)  applies 7046  programs 406
[rt] f7864 render   8.65ms (tex  0.00 vbo  0.00)  applies 7046  programs 406
[ft] f7875 guest  14.82ms  fe   4.34ms (tex  0.05)  draws 10032/7059  verts  70007  idx 138643  states 4109  newtex   0 (0KB)  queue 8
[rt] f7865 render   6.15ms (tex  0.00 vbo  0.22)  applies 7046  programs 406
[rt] f7865 render   8.70ms (tex  0.00 vbo  0.00)  applies 7046  programs 406
[ft] f7876 guest  15.02ms  fe   4.41ms (tex  0.04)  draws 10032/7059  verts  70007  idx 138643  states 4109  newtex   0 (0KB)  queue 8
[rt] f7866 render   6.10ms (tex  0.00 vbo  0.23)  applies 7046  programs 406
[rt] f7866 render   8.75ms (tex  0.00 vbo  0.00)  applies 7046  programs 406
[ft] f7877 guest  14.91ms  fe   4.32ms (tex  0.04)  draws 10032/7059  verts  70007  idx 138643  states 4109  newtex   0 (0KB)  queue 8
[rt] f7867 render   6.14ms (tex  0.00 vbo  0.29)  applies 7046  programs 406
[rt] f7867 render   8.30ms (tex  0.00 vbo  0.00)  applies 7046  programs 406
[ft] f7878 guest  14.57ms  fe   4.37ms (tex  0.04)  draws 10032/7059  verts  70007  idx 138643  states 4109  newtex   0 (0KB)  queue 8
[rt] f7868 render   6.11ms (tex  0.00 vbo  0.24)  applies 7046  programs 406
[rt] f7868 render   8.82ms (tex  0.00 vbo  0.00)  applies 7046  programs 406
[ft] f7879 guest  15.09ms  fe   4.40ms (tex  0.05)  draws 10032/7059  verts  70007  idx 138643  states 4109  newtex   0 (0KB)  queue 8
[rt] f7869 render   6.11ms (tex  0.00 vbo  0.25)  applies 7046  programs 406
[rt] f7869 render   8.48ms (tex  0.00 vbo  0.00)  applies 7046  programs 406
[ft] f7880 guest  15.06ms  fe   4.72ms (tex  0.05)  draws 10032/7059  verts  70007  idx 138643  states 4109  newtex   0 (0KB)  queue 8
[rt] f7870 render   6.16ms (tex  0.00 vbo  0.26)  applies 7046  programs 406
[rt] f7870 render   8.68ms (tex  0.00 vbo  0.00)  applies 7046  programs 406
[ft] f7881 guest  14.67ms  fe   4.47ms (tex  0.04)  draws 10032/7059  verts  70007  idx 138643  states 4109  newtex   0 (0KB)  queue 8
[rt] f7871 render   5.95ms (tex  0.00 vbo  0.26)  applies 7046  programs 406
[rt] f7871 render  10.09ms (tex  0.00 vbo  0.00)  applies 7046  programs 406
[ft] f7882 guest  16.10ms  fe   4.41ms (tex  0.05)  draws 10032/7059  verts  70007  idx 138643  states 4109  newtex   0 (0KB)  queue 8
[rt] f7872 render   6.33ms (tex  0.01 vbo  0.20)  applies 7046  programs 406
[rt] f7872 render   7.21ms (tex  0.00 vbo  0.00)  applies 7046  programs 406
[ft] f7883 guest  13.71ms  fe   4.41ms (tex  0.05)  draws 10032/7059  verts  70007  idx 138643  states 4109  newtex   0 (0KB)  queue 8
[rt] f7873 render   6.04ms (tex  0.00 vbo  0.24)  applies 7046  programs 406
[rt] f7873 render   8.16ms (tex  0.00 vbo  0.00)  applies 7046  programs 406
[ft] f7884 guest  14.30ms  fe   4.37ms (tex  0.04)  draws 10032/7059  verts  70007  idx 138643  states 4109  newtex   0 (0KB)  queue 8
[rt] f7874 render   5.95ms (tex  0.00 vbo  0.26)  applies 7046  programs 406
[rt] f7874 render   8.74ms (tex  0.00 vbo  0.00)  applies 7046  programs 406
[ft] f7885 guest  14.84ms  fe   4.38ms (tex  0.04)  draws 10032/7059  verts  70007  idx 138643  states 4109  newtex   0 (0KB)  queue 8
[rt] f7875 render   6.16ms (tex  0.00 vbo  0.20)  applies 7046  programs 406
[rt] f7875 render   8.68ms (tex  0.00 vbo  0.00)  applies 7046  programs 406
[ft] f7886 guest  14.90ms  fe   4.33ms (tex  0.04)  draws 10032/7059  verts  70007  idx 138643  states 4109  newtex   0 (0KB)  queue 8
[rt] f7876 render   6.66ms (tex  0.00 vbo  0.19)  applies 7046  programs 406
[rt] f7876 render   8.37ms (tex  0.00 vbo  0.00)  applies 7046  programs 406
[rt] f7877 render   6.81ms (tex  0.00 vbo  0.20)  applies 7046  programs 406
[ft] f7887 guest  17.41ms  fe   6.00ms (tex  0.06)  draws 10032/7059  verts  70007  idx 138643  states 4109  newtex   0 (0KB)  queue 8
[rt] f7877 render   7.84ms (tex  0.00 vbo  0.00)  applies 7046  programs 406
[ft] f7888 guest  14.72ms  fe   6.00ms (tex  0.05)  draws 10032/7059  verts  70007  idx 138643  states 4109  newtex   0 (0KB)  queue 8
[rt] f7878 render   8.84ms (tex  0.00 vbo  0.27)  applies 7046  programs 406
[rt] f7878 render   6.24ms (tex  0.00 vbo  0.00)  applies 7046  programs 406
[rt] f7879 render   6.16ms (tex  0.00 vbo  0.22)  applies 7046  programs 406
[ft] f7889 guest  15.02ms  fe   5.92ms (tex  0.06)  draws 10032/7059  verts  70007  idx 138643  states 4109  newtex   0 (0KB)  queue 8
[rt] f7879 render   9.31ms (tex  0.00 vbo  0.00)  applies 7046  programs 406
[ft] f7890 guest  14.25ms  fe   4.74ms (tex  0.05)  draws 10032/7059  verts  70007  idx 138643  states 4109  newtex   0 (0KB)  queue 8
[rt] f7880 render   6.75ms (tex  0.00 vbo  0.24)  applies 7046  programs 406
[rt] f7880 render   6.79ms (tex  0.00 vbo  0.00)  applies 7046  programs 406
[rt] f7881 render   6.02ms (tex  0.00 vbo  0.21)  applies 7046  programs 406
[ft] f7891 guest  14.15ms  fe   5.13ms (tex  0.06)  draws 10032/7059  verts  70007  idx 138643  states 4109  newtex   0 (0KB)  queue 8
[rt] f7881 render   8.79ms (tex  0.00 vbo  0.00)  applies 7046  programs 406
[rt] f7882 render   6.24ms (tex  0.00 vbo  0.25)  applies 7046  programs 406
[ft] f7892 guest  16.35ms  fe   6.07ms (tex  0.07)  draws 10032/7059  verts  70007  idx 138643  states 4109  newtex   0 (0KB)  queue 8
[rt] f7882 render   9.70ms (tex  0.00 vbo  0.00)  applies 7046  programs 406
[rt] f7883 render   6.33ms (tex  0.00 vbo  0.28)  applies 7046  programs 406
[ft] f7893 guest  15.28ms  fe   5.61ms (tex  0.06)  draws 10032/7059  verts  70007  idx 138643  states 4109  newtex   0 (0KB)  queue 8
[rt] f7883 render   9.93ms (tex  0.00 vbo  0.00)  applies 7046  programs 406
[rt] f7884 render   6.04ms (tex  0.00 vbo  0.21)  applies 7046  programs 406
[ft] f7894 guest  16.73ms  fe   5.83ms (tex  0.06)  draws 10032/7059  verts  70007  idx 138643  states 4109  newtex   0 (0KB)  queue 8
[rt] f7884 render   6.33ms (tex  0.00 vbo  0.00)  applies 7046  programs 406
[rt] f7885 render   6.17ms (tex  0.00 vbo  0.22)  applies 7046  programs 406
[ft] f7895 guest  12.26ms  fe   5.64ms (tex  0.06)  draws 10032/7059  verts  70007  idx 138643  states 4109  newtex   0 (0KB)  queue 8
[rt] f7885 render   8.44ms (tex  0.00 vbo  0.00)  applies 7046  programs 406
[rt] f7886 render   6.03ms (tex  0.00 vbo  0.25)  applies 7046  programs 406
[ft] f7896 guest  13.82ms  fe   5.04ms (tex  0.05)  draws 10032/7059  verts  70007  idx 138643  states 4109  newtex   0 (0KB)  queue 8
[rt] f7886 render   8.83ms (tex  0.00 vbo  0.00)  applies 7046  programs 406
[ft] f7897 guest  14.21ms  fe   4.45ms (tex  0.05)  draws 10032/7059  verts  70007  idx 138643  states 4109  newtex   0 (0KB)  queue 8
[rt] f7887 render   6.15ms (tex  0.00 vbo  0.22)  applies 7046  programs 406
[rt] f7887 render   8.76ms (tex  0.00 vbo  0.00)  applies 7046  programs 406
[ft] f7898 guest  14.98ms  fe   4.45ms (tex  0.05)  draws 10032/7059  verts  70007  idx 138643  states 4109  newtex   0 (0KB)  queue 8
[rt] f7888 render   6.07ms (tex  0.00 vbo  0.35)  applies 7046  programs 406
[rt] f7888 render   8.67ms (tex  0.00 vbo  0.00)  applies 7046  programs 406
[ft] f7899 guest  14.78ms  fe   4.38ms (tex  0.04)  draws 10032/7059  verts  70007  idx 138643  states 4109  newtex   0 (0KB)  queue 8
[rt] f7889 render   5.99ms (tex  0.00 vbo  0.25)  applies 7046  programs 406
[rt] f7889 render   8.70ms (tex  0.00 vbo  0.00)  applies 7046  programs 406
[ft] f7900 guest  14.91ms  fe   4.40ms (tex  0.05)  draws 10032/7059  verts  70007  idx 138643  states 4109  newtex   0 (0KB)  queue 8
[rt] f7890 render   6.15ms (tex  0.00 vbo  0.28)  applies 7046  programs 406
[rt] f7890 render   8.45ms (tex  0.00 vbo  0.00)  applies 7046  programs 406
[ft] f7901 guest  15.90ms  fe   5.32ms (tex  0.05)  draws 10032/7059  verts  70007  idx 138643  states 4109  newtex   0 (0KB)  queue 8
[rt] f7891 render   7.06ms (tex  0.00 vbo  0.23)  applies 7046  programs 406
[rt] f7891 render   7.76ms (tex  0.00 vbo  0.00)  applies 7046  programs 406
[rt] f7892 render   5.96ms (tex  0.00 vbo  0.24)  applies 7046  programs 406
[ft] f7902 guest  15.14ms  fe   5.41ms (tex  0.05)  draws 10032/7059  verts  70007  idx 138643  states 4109  newtex   0 (0KB)  queue 8
[rt] f7892 render   9.02ms (tex  0.00 vbo  0.00)  applies 7046  programs 406
[rt] f7893 render   6.11ms (tex  0.00 vbo  0.22)  applies 7046  programs 406
[ft] f7903 guest  14.66ms  fe   5.13ms (tex  0.05)  draws 10032/7059  verts  70007  idx 138643  states 4109  newtex   0 (0KB)  queue 8
[rt] f7893 render   8.39ms (tex  0.00 vbo  0.00)  applies 7046  programs 406
[ft] f7904 guest  13.68ms  fe   4.46ms (tex  0.05)  draws 10032/7059  verts  70007  idx 138643  states 4109  newtex   0 (0KB)  queue 8
[rt] f7894 render   6.11ms (tex  0.00 vbo  0.22)  applies 7046  programs 406
[rt] f7894 render   8.51ms (tex  0.00 vbo  0.00)  applies 7046  programs 406
[ft] f7905 guest  14.68ms  fe   4.40ms (tex  0.04)  draws 10032/7059  verts  70007  idx 138643  states 4109  newtex   0 (0KB)  queue 8
[rt] f7895 render   6.00ms (tex  0.00 vbo  0.24)  applies 7046  programs 406
[rt] f7895 render   8.84ms (tex  0.00 vbo  0.00)  applies 7046  programs 406
[ft] f7906 guest  15.04ms  fe   4.48ms (tex  0.05)  draws 10032/7059  verts  70007  idx 138643  states 4109  newtex   0 (0KB)  queue 8
[rt] f7896 render   6.44ms (tex  0.00 vbo  0.35)  applies 7046  programs 406
[rt] f7896 render   8.25ms (tex  0.00 vbo  0.00)  applies 7046  programs 406
[ft] f7907 guest  15.05ms  fe   4.62ms (tex  0.07)  draws 10032/7059  verts  70007  idx 138643  states 4109  newtex   0 (0KB)  queue 8
[rt] f7897 render   7.18ms (tex  0.00 vbo  0.22)  applies 7046  programs 406
[rt] f7897 render   8.48ms (tex  0.00 vbo  0.00)  applies 7046  programs 406
[ft] f7908 guest  16.62ms  fe   5.22ms (tex  0.06)  draws 10032/7059  verts  70007  idx 138643  states 4109  newtex   0 (0KB)  queue 8
[rt] f7898 render   8.09ms (tex  0.00 vbo  0.19)  applies 7046  programs 406
[rt] f7898 render   7.21ms (tex  0.00 vbo  0.00)  applies 7046  programs 406
[ft] f7909 guest  14.26ms  fe   4.37ms (tex  0.04)  draws 10032/7059  verts  70007  idx 138643  states 4109  newtex   0 (0KB)  queue 8
[rt] f7899 render   6.04ms (tex  0.00 vbo  0.21)  applies 7046  programs 406
[rt] f7899 render   6.90ms (tex  0.00 vbo  0.00)  applies 7046  programs 406
[ft] f7910 guest  13.03ms  fe   4.33ms (tex  0.04)  draws 10032/7059  verts  70007  idx 138643  states 4109  newtex   0 (0KB)  queue 8
[rt] f7900 render   6.32ms (tex  0.00 vbo  0.22)  applies 7046  programs 406
[rt] f7900 render   8.36ms (tex  0.00 vbo  0.00)  applies 7046  programs 406
[ft] f7911 guest  14.84ms  fe   4.43ms (tex  0.04)  draws 10032/7059  verts  70007  idx 138643  states 4109  newtex   0 (0KB)  queue 8
[rt] f7901 render   5.96ms (tex  0.00 vbo  0.24)  applies 7046  programs 406
[rt] f7901 render   8.73ms (tex  0.00 vbo  0.00)  applies 7046  programs 406
[ft] f7912 guest  14.81ms  fe   4.34ms (tex  0.05)  draws 10032/7059  verts  70007  idx 138643  states 4109  newtex   0 (0KB)  queue 8
[rt] f7902 render   6.17ms (tex  0.00 vbo  0.25)  applies 7046  programs 406
[rt] f7902 render   8.61ms (tex  0.00 vbo  0.00)  applies 7046  programs 406
[ft] f7913 guest  15.40ms  fe   4.77ms (tex  0.05)  draws 10032/7059  verts  70007  idx 138643  states 4109  newtex   0 (0KB)  queue 8
[rt] f7903 render   7.08ms (tex  0.00 vbo  0.26)  applies 7046  programs 406
[rt] f7903 render   7.80ms (tex  0.00 vbo  0.00)  applies 7046  programs 406
[ft] f7914 guest  15.06ms  fe   4.81ms (tex  0.04)  draws 10032/7059  verts  70007  idx 138643  states 4109  newtex   0 (0KB)  queue 8
[rt] f7904 render   7.07ms (tex  0.00 vbo  0.21)  applies 7046  programs 406
[rt] f7904 render   7.63ms (tex  0.00 vbo  0.00)  applies 7046  programs 406
[ft] f7915 guest  14.19ms  fe   4.36ms (tex  0.04)  draws 10032/7059  verts  70007  idx 138643  states 4109  newtex   0 (0KB)  queue 8
[rt] f7905 render   6.10ms (tex  0.00 vbo  0.25)  applies 7046  programs 406
[rt] f7905 render   8.59ms (tex  0.00 vbo  0.00)  applies 7046  programs 406
[ft] f7916 guest  14.79ms  fe   4.37ms (tex  0.05)  draws 10032/7059  verts  70007  idx 138643  states 4109  newtex   0 (0KB)  queue 8
[rt] f7906 render   6.14ms (tex  0.00 vbo  0.21)  applies 7046  programs 406
[rt] f7906 render   8.61ms (tex  0.00 vbo  0.00)  applies 7046  programs 406
[ft] f7917 guest  14.86ms  fe   4.33ms (tex  0.05)  draws 10032/7059  verts  70007  idx 138643  states 4109  newtex   0 (0KB)  queue 8
[rt] f7907 render   6.05ms (tex  0.00 vbo  0.21)  applies 7046  programs 406
[rt] f7907 render   8.55ms (tex  0.00 vbo  0.00)  applies 7046  programs 406
[ft] f7918 guest  14.74ms  fe   4.36ms (tex  0.05)  draws 10032/7059  verts  70007  idx 138643  states 4109  newtex   0 (0KB)  queue 8
[rt] f7908 render   6.19ms (tex  0.00 vbo  0.21)  applies 7046  programs 406
[rt] f7908 render   8.81ms (tex  0.00 vbo  0.00)  applies 7046  programs 406
[ft] f7919 guest  15.30ms  fe   4.54ms (tex  0.05)  draws 10032/7059  verts  70007  idx 138643  states 4109  newtex   0 (0KB)  queue 8
[rt] f7909 render   6.19ms (tex  0.00 vbo  0.23)  applies 7046  programs 406
[rt] f7909 render   9.70ms (tex  0.00 vbo  0.00)  applies 7046  programs 406
[ft] f7920 guest  15.84ms  fe   4.42ms (tex  0.04)  draws 10032/7059  verts  70007  idx 138643  states 4109  newtex   0 (0KB)  queue 8
[rt] f7910 render   6.20ms (tex  0.00 vbo  0.25)  applies 7046  programs 406
[rt] f7910 render   7.16ms (tex  0.00 vbo  0.00)  applies 7046  programs 406
[ft] f7921 guest  13.51ms  fe   4.41ms (tex  0.05)  draws 10032/7059  verts  70007  idx 138643  states 4109  newtex   0 (0KB)  queue 8
[rt] f7911 render   6.08ms (tex  0.00 vbo  0.25)  applies 7046  programs 406
[rt] f7911 render   8.55ms (tex  0.00 vbo  0.00)  applies 7046  programs 406
[ft] f7922 guest  14.79ms  fe   4.44ms (tex  0.05)  draws 10032/7059  verts  70007  idx 138643  states 4109  newtex   0 (0KB)  queue 8
[rt] f7912 render   6.21ms (tex  0.00 vbo  0.26)  applies 7046  programs 406
[rt] f7912 render   8.91ms (tex  0.00 vbo  0.00)  applies 7046  programs 406
[ft] f7923 guest  16.11ms  fe   5.02ms (tex  0.04)  draws 10032/7059  verts  70007  idx 138643  states 4109  newtex   0 (0KB)  queue 8
[rt] f7913 render   9.10ms (tex  0.00 vbo  0.31)  applies 7046  programs 406
[rt] f7913 render   6.13ms (tex  0.00 vbo  0.00)  applies 7046  programs 406
[ft] f7924 guest  16.26ms  fe   5.56ms (tex  0.05)  draws 10032/7059  verts  70007  idx 138643  states 4109  newtex   0 (0KB)  queue 8
[rt] f7914 render   7.52ms (tex  0.00 vbo  0.29)  applies 7046  programs 406
[rt] f7914 render   7.60ms (tex  0.00 vbo  0.00)  applies 7046  programs 406
[rt] f7915 render   6.15ms (tex  0.00 vbo  0.21)  applies 7046  programs 406
[ft] f7925 guest  15.87ms  fe   6.12ms (tex  0.06)  draws 10032/7059  verts  70007  idx 138643  states 4109  newtex   0 (0KB)  queue 8
[rt] f7915 render   7.19ms (tex  0.00 vbo  0.00)  applies 7046  programs 406
[rt] f7916 render   5.87ms (tex  0.00 vbo  0.25)  applies 7046  programs 406
[ft] f7926 guest  14.15ms  fe   6.55ms (tex  0.06)  draws 10032/7059  verts  70007  idx 138643  states 4109  newtex   0 (0KB)  queue 8
[rt] f7916 render   8.90ms (tex  0.00 vbo  0.00)  applies 7046  programs 406
[rt] f7917 render   6.09ms (tex  0.00 vbo  0.32)  applies 7046  programs 406
[ft] f7927 guest  13.88ms  fe   5.68ms (tex  0.05)  draws 10032/7059  verts  70007  idx 138643  states 4109  newtex   0 (0KB)  queue 8
[rt] f7917 render   8.51ms (tex  0.00 vbo  0.00)  applies 7046  programs 406
[rt] f7918 render   6.25ms (tex  0.00 vbo  0.23)  applies 7046  programs 406
[ft] f7928 guest  14.31ms  fe   5.51ms (tex  0.07)  draws 10032/7059  verts  70007  idx 138643  states 4109  newtex   0 (0KB)  queue 8
[rt] f7918 render  11.83ms (tex  0.00 vbo  0.00)  applies 7046  programs 406
[rt] f7919 render   5.94ms (tex  0.00 vbo  0.24)  applies 7046  programs 406
[ft] f7929 guest  18.15ms  fe   5.47ms (tex  0.05)  draws 10032/7059  verts  70007  idx 138643  states 4109  newtex   0 (0KB)  queue 8
[rt] f7919 render   9.49ms (tex  0.00 vbo  0.00)  applies 7046  programs 406
[rt] f7920 render   5.94ms (tex  0.00 vbo  0.21)  applies 7046  programs 406
[ft] f7930 guest  16.24ms  fe   5.93ms (tex  0.06)  draws 10032/7059  verts  70007  idx 138643  states 4109  newtex   0 (0KB)  queue 8
[rt] f7920 render   6.82ms (tex  0.00 vbo  0.00)  applies 7046  programs 406
[rt] f7921 render   6.10ms (tex  0.00 vbo  0.21)  applies 7046  programs 406
[ft] f7931 guest  12.49ms  fe   5.67ms (tex  0.06)  draws 10032/7059  verts  70007  idx 138643  states 4109  newtex   0 (0KB)  queue 8
[rt] f7921 render   7.30ms (tex  0.00 vbo  0.00)  applies 7046  programs 406
[rt] f7922 render   6.02ms (tex  0.00 vbo  0.22)  applies 7046  programs 406
[ft] f7932 guest  13.61ms  fe   5.64ms (tex  0.06)  draws 10032/7059  verts  70007  idx 138643  states 4109  newtex   0 (0KB)  queue 8
[rt] f7922 render   8.63ms (tex  0.00 vbo  0.00)  applies 7046  programs 406
[ft] f7933 guest  13.50ms  fe   4.80ms (tex  0.05)  draws 10032/7059  verts  70007  idx 138643  states 4109  newtex   0 (0KB)  queue 8
[rt] f7923 render   6.17ms (tex  0.00 vbo  0.27)  applies 7046  programs 406
[rt] f7923 render   8.74ms (tex  0.00 vbo  0.00)  applies 7046  programs 406
[ft] f7934 guest  14.77ms  fe   4.65ms (tex  0.05)  draws 10032/7059  verts  70007  idx 138643  states 4109  newtex   0 (0KB)  queue 8
[rt] f7924 render   6.23ms (tex  0.00 vbo  0.20)  applies 7046  programs 406
[rt] f7924 render   8.59ms (tex  0.00 vbo  0.00)  applies 7046  programs 406
[ft] f7935 guest  14.82ms  fe   4.52ms (tex  0.05)  draws 10032/7059  verts  70007  idx 138643  states 4109  newtex   0 (0KB)  queue 8
[rt] f7925 render   6.15ms (tex  0.00 vbo  0.20)  applies 7046  programs 406
[rt] f7925 render   8.72ms (tex  0.00 vbo  0.00)  applies 7046  programs 406
[ft] f7936 guest  14.73ms  fe   4.35ms (tex  0.04)  draws 10032/7059  verts  70007  idx 138643  states 4109  newtex   0 (0KB)  queue 8
[rt] f7926 render   6.11ms (tex  0.00 vbo  0.20)  applies 7046  programs 406
[rt] f7926 render   8.56ms (tex  0.00 vbo  0.00)  applies 7046  programs 406
[ft] f7937 guest  15.74ms  fe   5.07ms (tex  0.05)  draws 10032/7059  verts  70007  idx 138643  states 4109  newtex   0 (0KB)  queue 8
[rt] f7927 render   7.59ms (tex  0.00 vbo  0.19)  applies 7046  programs 406
[rt] f7927 render   7.09ms (tex  0.00 vbo  0.00)  applies 7046  programs 406
[ft] f7938 guest  13.82ms  fe   4.36ms (tex  0.04)  draws 10032/7059  verts  70007  idx 138643  states 4109  newtex   0 (0KB)  queue 8
[rt] f7928 render   6.12ms (tex  0.00 vbo  0.24)  applies 7046  programs 406
[rt] f7928 render   8.43ms (tex  0.00 vbo  0.00)  applies 7046  programs 406
[ft] f7939 guest  14.68ms  fe   4.37ms (tex  0.04)  draws 10032/7059  verts  70007  idx 138643  states 4109  newtex   0 (0KB)  queue 8
[rt] f7929 render   6.02ms (tex  0.00 vbo  0.19)  applies 7046  programs 406
[rt] f7929 render   8.86ms (tex  0.00 vbo  0.00)  applies 7046  programs 406
[ft] f7940 guest  15.00ms  fe   4.38ms (tex  0.04)  draws 10032/7059  verts  70007  idx 138643  states 4109  newtex   0 (0KB)  queue 8
[rt] f7930 render   6.08ms (tex  0.00 vbo  0.22)  applies 7046  programs 406
[rt] f7930 render   8.79ms (tex  0.00 vbo  0.00)  applies 7046  programs 406
[ft] f7941 guest  15.05ms  fe   4.42ms (tex  0.04)  draws 10032/7059  verts  70007  idx 138643  states 4109  newtex   0 (0KB)  queue 8
[rt] f7931 render   6.10ms (tex  0.00 vbo  0.19)  applies 7046  programs 406
[rt] f7931 render   8.53ms (tex  0.00 vbo  0.00)  applies 7046  programs 406
[ft] f7942 guest  14.72ms  fe   4.36ms (tex  0.04)  draws 10032/7059  verts  70007  idx 138643  states 4109  newtex   0 (0KB)  queue 8
[rt] f7932 render   5.93ms (tex  0.00 vbo  0.19)  applies 7046  programs 406
[rt] f7932 render   9.19ms (tex  0.00 vbo  0.00)  applies 7046  programs 406
[ft] f7943 guest  16.76ms  fe   5.43ms (tex  0.05)  draws 10032/7059  verts  70007  idx 138643  states 4109  newtex   0 (0KB)  queue 8
[rt] f7933 render   7.30ms (tex  0.00 vbo  0.31)  applies 7046  programs 406
[rt] f7933 render   7.24ms (tex  0.00 vbo  0.00)  applies 7046  programs 406
[ft] f7944 guest  13.27ms  fe   4.39ms (tex  0.05)  draws 10032/7059  verts  70007  idx 138643  states 4109  newtex   0 (0KB)  queue 8
[rt] f7934 render   5.92ms (tex  0.00 vbo  0.27)  applies 7046  programs 406
[rt] f7934 render   8.49ms (tex  0.00 vbo  0.00)  applies 7046  programs 406
[ft] f7945 guest  14.48ms  fe   4.34ms (tex  0.04)  draws 10032/7059  verts  70007  idx 138643  states 4109  newtex   0 (0KB)  queue 8
[rt] f7935 render   6.15ms (tex  0.00 vbo  0.26)  applies 7046  programs 406
[rt] f7935 render   8.58ms (tex  0.00 vbo  0.00)  applies 7046  programs 406
[ft] f7946 guest  15.24ms  fe   4.71ms (tex  0.04)  draws 10032/7059  verts  70007  idx 138643  states 4109  newtex   0 (0KB)  queue 8
[rt] f7936 render   8.89ms (tex  1.50 vbo  1.48)  applies 7046  programs 406
[rt] f7936 render   7.05ms (tex  0.00 vbo  0.00)  applies 7046  programs 406
[ft] f7947 guest  16.07ms  fe   4.78ms (tex  0.29)  draws 10032/7059  verts  70007  idx 138643  states 4109  newtex   1 (64KB)  queue 8
[rt] f7937 render   7.18ms (tex  0.00 vbo  1.28)  applies 7046  programs 406
[rt] f7937 render   6.16ms (tex  0.00 vbo  0.00)  applies 7046  programs 406
[ft] f7948 guest  13.17ms  fe   4.49ms (tex  0.04)  draws 10032/7059  verts  70007  idx 138643  states 4109  newtex   0 (0KB)  queue 8
[rt] f7938 render   7.26ms (tex  0.00 vbo  1.35)  applies 7046  programs 406
[rt] f7938 render   7.39ms (tex  0.00 vbo  0.00)  applies 7046  programs 406
[ft] f7949 guest  14.74ms  fe   4.42ms (tex  0.04)  draws 10032/7059  verts  70007  idx 138643  states 4109  newtex   0 (0KB)  queue 8
[rt] f7939 render   6.84ms (tex  0.00 vbo  0.86)  applies 7046  programs 406
[rt] f7939 render   7.88ms (tex  0.00 vbo  0.00)  applies 7046  programs 406
[ft] f7950 guest  14.76ms  fe   4.39ms (tex  0.04)  draws 10032/7059  verts  70007  idx 138643  states 4109  newtex   0 (0KB)  queue 8
[rt] f7940 render   6.35ms (tex  0.00 vbo  0.53)  applies 7046  programs 406
[rt] f7940 render   8.53ms (tex  0.00 vbo  0.00)  applies 7046  programs 406
[ft] f7951 guest  14.99ms  fe   4.35ms (tex  0.05)  draws 10032/7059  verts  70007  idx 138643  states 4109  newtex   0 (0KB)  queue 8
[rt] f7941 render   5.99ms (tex  0.00 vbo  0.20)  applies 7046  programs 406
[rt] f7941 render   8.96ms (tex  0.00 vbo  0.00)  applies 7046  programs 406
[ft] f7952 guest  15.13ms  fe   4.41ms (tex  0.04)  draws 10032/7059  verts  70007  idx 138643  states 4109  newtex   0 (0KB)  queue 8
[rt] f7942 render   5.95ms (tex  0.00 vbo  0.19)  applies 7046  programs 406
[rt] f7942 render   8.73ms (tex  0.00 vbo  0.00)  applies 7046  programs 406
[ft] f7953 guest  14.76ms  fe   4.35ms (tex  0.05)  draws 10032/7059  verts  70007  idx 138643  states 4109  newtex   0 (0KB)  queue 8
[rt] f7943 render   5.94ms (tex  0.00 vbo  0.20)  applies 7046  programs 406
[rt] f7943 render   8.84ms (tex  0.00 vbo  0.00)  applies 7046  programs 406
[rt] f7944 render   6.21ms (tex  0.00 vbo  0.21)  applies 7046  programs 406
[ft] f7954 guest  16.61ms  fe   5.61ms (tex  0.07)  draws 10033/7059  verts  70015  idx 138661  states 4110  newtex   1 (8KB)  queue 8
[rt] f7944 render   8.48ms (tex  0.00 vbo  0.00)  applies 7046  programs 406
[ft] f7955 guest  14.36ms  fe   5.27ms (tex  0.07)  draws 10029/7059  verts  69983  idx 138589  states 4106  newtex   1 (8KB)  queue 8
[rt] f7945 render   7.42ms (tex  0.00 vbo  0.19)  applies 7046  programs 406
[rt] f7945 render   7.96ms (tex  0.00 vbo  0.00)  applies 7046  programs 406
[ft] f7956 guest  14.98ms  fe   4.97ms (tex  0.05)  draws 10031/7059  verts  69999  idx 138625  states 4108  newtex   0 (0KB)  queue 8
[rt] f7946 render   6.18ms (tex  0.00 vbo  0.24)  applies 7046  programs 406
[rt] f7946 render   8.02ms (tex  0.00 vbo  0.00)  applies 7046  programs 406
[ft] f7957 guest  14.10ms  fe   4.76ms (tex  0.05)  draws 10033/7059  verts  70015  idx 138661  states 4110  newtex   0 (0KB)  queue 8
[rt] f7947 render   8.01ms (tex  0.00 vbo  0.52)  applies 7046  programs 406
[rt] f7947 render   8.10ms (tex  0.00 vbo  0.00)  applies 7046  programs 406
[ft] f7958 guest  15.89ms  fe   4.51ms (tex  0.05)  draws 10033/7059  verts  70015  idx 138661  states 4110  newtex   0 (0KB)  queue 8
[rt] f7948 render   6.40ms (tex  0.14 vbo  0.30)  applies 7046  programs 406
[rt] f7948 render   6.55ms (tex  0.00 vbo  0.00)  applies 7046  programs 406
[ft] f7959 guest  12.97ms  fe   4.39ms (tex  0.05)  draws 10033/7059  verts  70015  idx 138661  states 4110  newtex   0 (0KB)  queue 8
[rt] f7949 render   6.08ms (tex  0.00 vbo  0.24)  applies 7046  programs 406
[rt] f7949 render   8.64ms (tex  0.00 vbo  0.00)  applies 7046  programs 406
[ft] f7960 guest  14.92ms  fe   4.47ms (tex  0.08)  draws 10030/7059  verts  69991  idx 138607  states 4107  newtex   0 (0KB)  queue 8
[rt] f7950 render   6.08ms (tex  0.00 vbo  0.20)  applies 7046  programs 406
[rt] f7950 render   8.75ms (tex  0.00 vbo  0.00)  applies 7046  programs 406
[ft] f7961 guest  15.03ms  fe   4.55ms (tex  0.29)  draws 10028/7059  verts  69975  idx 138571  states 4105  newtex   1 (64KB)  queue 8
[rt] f7951 render   6.03ms (tex  0.00 vbo  0.20)  applies 7046  programs 406
[rt] f7951 render   8.72ms (tex  0.00 vbo  0.00)  applies 7046  programs 406
[rt] f7952 render   6.14ms (tex  0.00 vbo  0.24)  applies 7046  programs 406
[ft] f7962 guest  16.59ms  fe   5.87ms (tex  0.05)  draws 10026/7059  verts  69959  idx 138535  states 4103  newtex   0 (0KB)  queue 8
[rt] f7952 render   8.98ms (tex  0.00 vbo  0.00)  applies 7046  programs 406
[rt] f7953 render   5.97ms (tex  0.00 vbo  0.23)  applies 7046  programs 406
[ft] f7963 guest  15.37ms  fe   5.88ms (tex  0.05)  draws 10025/7059  verts  69951  idx 138517  states 4102  newtex   0 (0KB)  queue 8
[rt] f7953 render   8.62ms (tex  0.00 vbo  0.00)  applies 7046  programs 406
[rt] f7954 render   5.88ms (tex  0.00 vbo  0.23)  applies 7046  programs 406
[ft] f7964 guest  13.93ms  fe   5.23ms (tex  0.06)  draws 10026/7059  verts  69959  idx 138535  states 4103  newtex   0 (0KB)  queue 8
[rt] f7954 render   8.66ms (tex  0.00 vbo  0.00)  applies 7046  programs 406
[rt] f7955 render   6.23ms (tex  0.12 vbo  0.30)  applies 7046  programs 406
[ft] f7965 guest  15.16ms  fe   5.64ms (tex  0.06)  draws 10025/7059  verts  69951  idx 138517  states 4102  newtex   0 (0KB)  queue 8
[rt] f7955 render   8.63ms (tex  0.00 vbo  0.00)  applies 7046  programs 406
[rt] f7956 render   6.22ms (tex  0.11 vbo  0.26)  applies 7046  programs 406
[ft] f7966 guest  14.89ms  fe   5.52ms (tex  0.06)  draws 10026/7059  verts  69959  idx 138535  states 4103  newtex   0 (0KB)  queue 8
[rt] f7956 render   8.47ms (tex  0.00 vbo  0.00)  applies 7046  programs 406
[rt] f7957 render   6.11ms (tex  0.00 vbo  0.21)  applies 7046  programs 406
[ft] f7967 guest  15.18ms  fe   5.86ms (tex  0.06)  draws 10028/7059  verts  69975  idx 138571  states 4105  newtex   0 (0KB)  queue 8
[rt] f7957 render   8.81ms (tex  0.00 vbo  0.00)  applies 7046  programs 406
[rt] f7958 render   5.91ms (tex  0.00 vbo  0.22)  applies 7046  programs 406
[ft] f7968 guest  15.07ms  fe   5.87ms (tex  0.06)  draws 10027/7059  verts  69967  idx 138553  states 4104  newtex   0 (0KB)  queue 8
[rt] f7958 render   8.69ms (tex  0.00 vbo  0.00)  applies 7046  programs 406
[ft] f7969 guest  12.87ms  fe   4.68ms (tex  0.05)  draws 10028/7059  verts  69975  idx 138571  states 4105  newtex   0 (0KB)  queue 8
[rt] f7959 render   5.93ms (tex  0.00 vbo  0.26)  applies 7046  programs 406
[rt] f7959 render   8.61ms (tex  0.00 vbo  0.00)  applies 7046  programs 406
[ft] f7970 guest  14.37ms  fe   4.41ms (tex  0.04)  draws 10030/7059  verts  69991  idx 138607  states 4107  newtex   0 (0KB)  queue 8
[rt] f7960 render   6.12ms (tex  0.00 vbo  0.25)  applies 7046  programs 406
[rt] f7960 render   8.61ms (tex  0.00 vbo  0.00)  applies 7046  programs 406
[ft] f7971 guest  14.76ms  fe   4.35ms (tex  0.04)  draws 10028/7059  verts  69975  idx 138571  states 4105  newtex   0 (0KB)  queue 8
[rt] f7961 render   6.03ms (tex  0.00 vbo  0.23)  applies 7046  programs 406
[rt] f7961 render   8.71ms (tex  0.00 vbo  0.00)  applies 7046  programs 406
[ft] f7972 guest  15.02ms  fe   4.53ms (tex  0.05)  draws 10026/7059  verts  69959  idx 138535  states 4103  newtex   0 (0KB)  queue 8
[rt] f7962 render   6.42ms (tex  0.17 vbo  0.34)  applies 7046  programs 406
[rt] f7962 render   8.45ms (tex  0.00 vbo  0.00)  applies 7046  programs 406
[ft] f7973 guest  14.99ms  fe   4.52ms (tex  0.04)  draws 10030/7059  verts  69991  idx 138607  states 4107  newtex   0 (0KB)  queue 8
[rt] f7963 render   5.92ms (tex  0.00 vbo  0.26)  applies 7046  programs 406
[rt] f7963 render   9.86ms (tex  0.00 vbo  0.00)  applies 7046  programs 406
[ft] f7974 guest  16.98ms  fe   5.39ms (tex  0.32)  draws 10026/7059  verts  69959  idx 138535  states 4103  newtex   1 (64KB)  queue 8
[rt] f7964 render   7.65ms (tex  0.00 vbo  0.25)  applies 7046  programs 406
[rt] f7964 render   5.51ms (tex  0.00 vbo  0.00)  applies 7046  programs 406
[ft] f7975 guest  12.16ms  fe   4.49ms (tex  0.04)  draws 10026/7059  verts  69959  idx 138535  states 4103  newtex   0 (0KB)  queue 8
[rt] f7965 render   6.05ms (tex  0.00 vbo  0.25)  applies 7046  programs 406
[rt] f7965 render   8.52ms (tex  0.00 vbo  0.00)  applies 7046  programs 406
[ft] f7976 guest  14.65ms  fe   4.42ms (tex  0.04)  draws 10026/7059  verts  69959  idx 138535  states 4103  newtex   0 (0KB)  queue 8
[rt] f7966 render   6.08ms (tex  0.00 vbo  0.23)  applies 7046  programs 406
[rt] f7966 render   8.49ms (tex  0.00 vbo  0.00)  applies 7046  programs 406
[ft] f7977 guest  14.72ms  fe   4.44ms (tex  0.05)  draws 10026/7059  verts  69959  idx 138535  states 4103  newtex   0 (0KB)  queue 8
[rt] f7967 render   6.07ms (tex  0.00 vbo  0.23)  applies 7046  programs 406
[rt] f7967 render   8.45ms (tex  0.00 vbo  0.00)  applies 7046  programs 406
[ft] f7978 guest  14.59ms  fe   4.40ms (tex  0.04)  draws 10026/7059  verts  69959  idx 138535  states 4103  newtex   0 (0KB)  queue 8
[rt] f7968 render   6.10ms (tex  0.00 vbo  0.24)  applies 7046  programs 406
[rt] f7968 render   8.85ms (tex  0.00 vbo  0.00)  applies 7046  programs 406
[ft] f7979 guest  15.26ms  fe   4.54ms (tex  0.05)  draws 10026/7059  verts  69959  idx 138535  states 4103  newtex   0 (0KB)  queue 8
[rt] f7969 render   6.09ms (tex  0.00 vbo  0.23)  applies 7046  programs 406
[rt] f7969 render   8.20ms (tex  0.00 vbo  0.00)  applies 7046  programs 406
[ft] f7980 guest  14.33ms  fe   4.41ms (tex  0.05)  draws 10026/7059  verts  69959  idx 138535  states 4103  newtex   0 (0KB)  queue 8
[rt] f7970 render   6.00ms (tex  0.00 vbo  0.20)  applies 7046  programs 406
[rt] f7970 render   8.47ms (tex  0.00 vbo  0.00)  applies 7046  programs 406
[ft] f7981 guest  14.74ms  fe   4.56ms (tex  0.04)  draws 10026/7059  verts  69959  idx 138535  states 4103  newtex   0 (0KB)  queue 8
[rt] f7971 render   6.03ms (tex  0.00 vbo  0.21)  applies 7046  programs 406
[rt] f7971 render   8.55ms (tex  0.00 vbo  0.00)  applies 7046  programs 406
[ft] f7982 guest  15.10ms  fe   4.88ms (tex  0.05)  draws 10026/7059  verts  69959  idx 138535  states 4103  newtex   0 (0KB)  queue 8
[rt] f7972 render   6.18ms (tex  0.00 vbo  0.21)  applies 7046  programs 406
[rt] f7972 render   8.65ms (tex  0.00 vbo  0.00)  applies 7046  programs 406
[ft] f7983 guest  14.32ms  fe   4.42ms (tex  0.04)  draws 10026/7059  verts  69959  idx 138535  states 4103  newtex   0 (0KB)  queue 8
[rt] f7973 render   6.18ms (tex  0.00 vbo  0.22)  applies 7046  programs 406
[rt] f7973 render   8.65ms (tex  0.00 vbo  0.00)  applies 7046  programs 406
[ft] f7984 guest  15.00ms  fe   4.53ms (tex  0.05)  draws 10026/7059  verts  69959  idx 138535  states 4103  newtex   0 (0KB)  queue 8
[rt] f7974 render   6.09ms (tex  0.00 vbo  0.22)  applies 7046  programs 406
[rt] f7974 render   9.88ms (tex  0.00 vbo  0.00)  applies 7046  programs 406
[ft] f7985 guest  16.12ms  fe   4.54ms (tex  0.05)  draws 10026/7059  verts  69959  idx 138535  states 4103  newtex   0 (0KB)  queue 8
[rt] f7975 render   6.24ms (tex  0.14 vbo  0.28)  applies 7046  programs 406
[rt] f7975 render   7.03ms (tex  0.00 vbo  0.00)  applies 7046  programs 406
[ft] f7986 guest  13.23ms  fe   4.40ms (tex  0.05)  draws 10026/7059  verts  69959  idx 138535  states 4103  newtex   0 (0KB)  queue 8
[rt] f7976 render   6.00ms (tex  0.00 vbo  0.23)  applies 7046  programs 406
[rt] f7976 render   8.59ms (tex  0.00 vbo  0.00)  applies 7046  programs 406
[ft] f7987 guest  15.14ms  fe   4.72ms (tex  0.09)  draws 10028/7059  verts  69975  idx 138571  states 4105  newtex   1 (8KB)  queue 8
[rt] f7977 render   6.13ms (tex  0.00 vbo  0.24)  applies 7046  programs 406
[rt] f7977 render   8.54ms (tex  0.00 vbo  0.00)  applies 7046  programs 406
[ft] f7988 guest  14.50ms  fe   4.50ms (tex  0.07)  draws 10029/7059  verts  69983  idx 138589  states 4106  newtex   0 (0KB)  queue 8
[rt] f7978 render   5.95ms (tex  0.00 vbo  0.19)  applies 7046  programs 406
[rt] f7978 render   8.64ms (tex  0.00 vbo  0.00)  applies 7046  programs 406
[ft] f7989 guest  14.95ms  fe   4.54ms (tex  0.05)  draws 10030/7059  verts  69991  idx 138607  states 4107  newtex   0 (0KB)  queue 8
[rt] f7979 render   6.00ms (tex  0.00 vbo  0.18)  applies 7046  programs 406
[rt] f7979 render   8.63ms (tex  0.00 vbo  0.00)  applies 7046  programs 406
[ft] f7990 guest  15.41ms  fe   5.07ms (tex  0.05)  draws 10030/7059  verts  69991  idx 138607  states 4107  newtex   0 (0KB)  queue 8
[rt] f7980 render   7.59ms (tex  0.00 vbo  0.22)  applies 7046  programs 406
[rt] f7980 render   8.45ms (tex  0.00 vbo  0.00)  applies 7046  programs 406
[ft] f7991 guest  15.06ms  fe   4.31ms (tex  0.04)  draws 10029/7059  verts  69983  idx 138589  states 4106  newtex   0 (0KB)  queue 8
[rt] f7981 render   5.95ms (tex  0.00 vbo  0.19)  applies 7046  programs 406
[rt] f7981 render   7.04ms (tex  0.00 vbo  0.00)  applies 7046  programs 406
[ft] f7992 guest  13.42ms  fe   4.61ms (tex  0.04)  draws 10026/7059  verts  69959  idx 138535  states 4103  newtex   0 (0KB)  queue 8
[rt] f7982 render   5.81ms (tex  0.00 vbo  0.21)  applies 7046  programs 406
[rt] f7982 render   8.77ms (tex  0.00 vbo  0.00)  applies 7046  programs 406
[ft] f7993 guest  14.46ms  fe   4.43ms (tex  0.04)  draws 10026/7059  verts  69959  idx 138535  states 4103  newtex   0 (0KB)  queue 8
[rt] f7983 render   6.25ms (tex  0.00 vbo  0.31)  applies 7046  programs 406
[rt] f7983 render   8.34ms (tex  0.00 vbo  0.00)  applies 7046  programs 406
[ft] f7994 guest  14.68ms  fe   4.39ms (tex  0.04)  draws 10028/7059  verts  69975  idx 138571  states 4105  newtex   0 (0KB)  queue 8
[rt] f7984 render   5.93ms (tex  0.00 vbo  0.22)  applies 7046  programs 406
[rt] f7984 render   8.79ms (tex  0.00 vbo  0.00)  applies 7046  programs 406
[ft] f7995 guest  14.83ms  fe   4.36ms (tex  0.04)  draws 10024/7059  verts  69943  idx 138499  states 4101  newtex   0 (0KB)  queue 8
[rt] f7985 render   6.10ms (tex  0.00 vbo  0.21)  applies 7046  programs 406
[rt] f7985 render   8.77ms (tex  0.00 vbo  0.00)  applies 7046  programs 406
[ft] f7996 guest  15.23ms  fe   4.58ms (tex  0.05)  draws 10026/7059  verts  69959  idx 138535  states 4103  newtex   0 (0KB)  queue 8
[rt] f7986 render   6.00ms (tex  0.00 vbo  0.19)  applies 7046  programs 406
[rt] f7986 render   9.80ms (tex  0.00 vbo  0.00)  applies 7046  programs 406
[ft] f7997 guest  15.68ms  fe   4.43ms (tex  0.04)  draws 10026/7059  verts  69959  idx 138535  states 4103  newtex   0 (0KB)  queue 8
[rt] f7987 render   5.98ms (tex  0.00 vbo  0.21)  applies 7046  programs 406
[rt] f7987 render   7.12ms (tex  0.00 vbo  0.00)  applies 7046  programs 406
[ft] f7998 guest  13.12ms  fe   4.38ms (tex  0.04)  draws 10023/7059  verts  69935  idx 138481  states 4100  newtex   0 (0KB)  queue 8
[rt] f7988 render   6.32ms (tex  0.14 vbo  0.28)  applies 7046  programs 406
[rt] f7988 render   8.29ms (tex  0.00 vbo  0.00)  applies 7046  programs 406
[ft] f7999 guest  14.74ms  fe   4.37ms (tex  0.05)  draws 10027/7059  verts  69967  idx 138553  states 4104  newtex   0 (0KB)  queue 8
[rt] f7989 render   6.02ms (tex  0.00 vbo  0.31)  applies 7046  programs 406
[rt] f7989 render   8.61ms (tex  0.00 vbo  0.00)  applies 7046  programs 406
[rt] f7990 render   6.11ms (tex  0.00 vbo  0.24)  applies 7046  programs 406
[rt] f7990 render   8.66ms (tex  0.00 vbo  0.00)  applies 7046  programs 406
[rt] f7991 render   6.23ms (tex  0.00 vbo  0.23)  applies 7046  programs 406
[rt] f7991 render   8.63ms (tex  0.00 vbo  0.00)  applies 7046  programs 406
[rt] f7992 render   6.06ms (tex  0.00 vbo  0.20)  applies 7046  programs 406
[rt] f7992 render   9.63ms (tex  0.00 vbo  0.00)  applies 7046  programs 406
[rt] f7993 render   6.02ms (tex  0.00 vbo  0.23)  applies 7046  programs 406
[rt] f7993 render   7.24ms (tex  0.00 vbo  0.00)  applies 7046  programs 406
[rt] f7994 render   6.03ms (tex  0.00 vbo  0.23)  applies 7046  programs 406
[rt] f7994 render   8.45ms (tex  0.00 vbo  0.00)  applies 7046  programs 406
[rt] f7995 render   6.11ms (tex  0.00 vbo  0.25)  applies 7046  programs 406
[rt] f7995 render   8.52ms (tex  0.00 vbo  0.00)  applies 7046  programs 406
[rt] f7996 render   6.17ms (tex  0.00 vbo  0.22)  applies 7046  programs 406
[rt] f7996 render   8.45ms (tex  0.00 vbo  0.00)  applies 7046  programs 406
[rt] f7997 render   7.07ms (tex  0.00 vbo  0.21)  applies 7046  programs 406
[rt] f7997 render   7.89ms (tex  0.00 vbo  0.00)  applies 7046  programs 406
[rt] f7998 render   6.18ms (tex  0.00 vbo  0.22)  applies 7046  programs 406
[rt] f7998 render   9.89ms (tex  0.00 vbo  0.00)  applies 7046  programs 406
[rt] f7999 render   6.56ms (tex  0.00 vbo  0.23)  applies 7046  programs 406
[rt] f7999 render   6.72ms (tex  0.00 vbo  0.00)  applies 7046  programs 406
